
The following have been reloaded with a version change:
  1) FFTW/3.3.7-gompic-2018a => FFTW/3.3.7-gompi-2018a
  2) OpenMPI/2.1.2-gcccuda-2018a => OpenMPI/2.1.2-GCC-6.4.0-2.28
  3) Python/3.6.4-fosscuda-2018a => Python/3.6.4-foss-2018a
  4) ScaLAPACK/2.0.2-gompic-2018a-OpenBLAS-0.2.20 => ScaLAPACK/2.0.2-gompi-2018a-OpenBLAS-0.2.20

/software/software/h5py/2.7.1-fosscuda-2018a-Python-3.6.4/lib/python3.6/site-packages/h5py-2.7.1-py3.6-linux-x86_64.egg/h5py/__init__.py:36: FutureWarning: Conversion of the second argument of issubdtype from `float` to `np.floating` is deprecated. In future, it will be treated as `np.float64 == np.dtype(float).type`.
  from ._conv import register_converters as _register_converters
Random seed for replication: 554
x_train shape: (5593, 256, 256, 3)
5593 train samples
1399 test samples
/data/s2934833/MasterThesis/Test/test_images/*
x shape: (5, 256, 256, 3)
5 x samples
/data/s2934833/MasterThesis/BN/2020-02-18_12-06-47
Traceback (most recent call last):
  File "use_MCBN.py", line 373, in <module>
    main()
  File "use_MCBN.py", line 310, in main
    pre_trained_model = keras.models.model_from_json(json_config, custom_objects={'MCBatchNorm': MCBatchNorm})
  File "/software/software/TensorFlow/1.12.0-fosscuda-2018a-Python-3.6.4/lib/python3.6/site-packages/tensorflow/python/keras/engine/saving.py", line 351, in model_from_json
    return deserialize(config, custom_objects=custom_objects)
  File "/software/software/TensorFlow/1.12.0-fosscuda-2018a-Python-3.6.4/lib/python3.6/site-packages/tensorflow/python/keras/layers/serialization.py", line 64, in deserialize
    printable_module_name='layer')
  File "/software/software/TensorFlow/1.12.0-fosscuda-2018a-Python-3.6.4/lib/python3.6/site-packages/tensorflow/python/keras/utils/generic_utils.py", line 173, in deserialize_keras_object
    list(custom_objects.items())))
  File "/software/software/TensorFlow/1.12.0-fosscuda-2018a-Python-3.6.4/lib/python3.6/site-packages/tensorflow/python/keras/engine/network.py", line 1292, in from_config
    process_layer(layer_data)
  File "/software/software/TensorFlow/1.12.0-fosscuda-2018a-Python-3.6.4/lib/python3.6/site-packages/tensorflow/python/keras/engine/network.py", line 1278, in process_layer
    layer = deserialize_layer(layer_data, custom_objects=custom_objects)
  File "/software/software/TensorFlow/1.12.0-fosscuda-2018a-Python-3.6.4/lib/python3.6/site-packages/tensorflow/python/keras/layers/serialization.py", line 64, in deserialize
    printable_module_name='layer')
  File "/software/software/TensorFlow/1.12.0-fosscuda-2018a-Python-3.6.4/lib/python3.6/site-packages/tensorflow/python/keras/utils/generic_utils.py", line 175, in deserialize_keras_object
    return cls.from_config(config['config'])
  File "/software/software/TensorFlow/1.12.0-fosscuda-2018a-Python-3.6.4/lib/python3.6/site-packages/tensorflow/python/keras/engine/base_layer.py", line 1606, in from_config
    return cls(**config)
  File "/data/s2934833/MasterThesis/Test/astroNN.py", line 366, in __init__
    super().__init__(name=name, **kwargs)
  File "/software/software/TensorFlow/1.12.0-fosscuda-2018a-Python-3.6.4/lib/python3.6/site-packages/tensorflow/python/training/checkpointable/base.py", line 474, in _method_wrapper
    method(self, *args, **kwargs)
  File "/software/software/TensorFlow/1.12.0-fosscuda-2018a-Python-3.6.4/lib/python3.6/site-packages/tensorflow/python/keras/engine/base_layer.py", line 138, in __init__
    raise TypeError('Keyword argument not understood:', kwarg)
TypeError: ('Keyword argument not understood:', 'epsilon')


###############################################################################
Peregrine Cluster
Job 9631723 for user 's2934833'
Finished at: Wed Feb 19 11:42:27 CET 2020

Job details:
============

Name                : use_MCBN
User                : s2934833
Partition           : gpu
Nodes               : pg-gpu29
Cores               : 12
State               : FAILED
Submit              : 2020-02-19T11:42:05
Start               : 2020-02-19T11:42:07
End                 : 2020-02-19T11:42:27
Reserved walltime   : 00:10:00
Used walltime       : 00:00:20
Used CPU time       : 00:00:11 (efficiency:  4.62%)
% User (Computation): 55.00%
% System (I/O)      : 45.00%
Mem reserved        : 32000M/node
Max Mem used        : 0.00  (pg-gpu29)
Max Disk Write      : 0.00  (pg-gpu29)
Max Disk Read       : 0.00  (pg-gpu29)


Acknowledgements:
=================

Please see this page for information about acknowledging Peregrine in your publications:

https://wiki.hpc.rug.nl/peregrine/additional_information/scientific_output

################################################################################
