
The following have been reloaded with a version change:
  1) FFTW/3.3.8-gompic-2019b => FFTW/3.3.8-gompi-2019b
  2) OpenMPI/3.1.4-gcccuda-2019b => OpenMPI/3.1.4-GCC-8.3.0
  3) ScaLAPACK/2.0.2-gompic-2019b => ScaLAPACK/2.0.2-gompi-2019b
  4) SciPy-bundle/2019.10-fosscuda-2019b-Python-3.7.4 => SciPy-bundle/2019.10-foss-2019b-Python-3.7.4

2020-03-06 09:51:31.997445: I tensorflow/stream_executor/platform/default/dso_loader.cc:44] Successfully opened dynamic library libcudart.so.10.1
2020-03-06 09:51:41.468669: I tensorflow/stream_executor/platform/default/dso_loader.cc:44] Successfully opened dynamic library libcuda.so.1
2020-03-06 09:51:41.475450: I tensorflow/stream_executor/cuda/cuda_gpu_executor.cc:981] successful NUMA node read from SysFS had negative value (-1), but there must be at least one NUMA node, so returning NUMA node zero
2020-03-06 09:51:41.475906: I tensorflow/core/common_runtime/gpu/gpu_device.cc:1555] Found device 0 with properties: 
pciBusID: 0000:02:00.0 name: GRID V100D-32Q computeCapability: 7.0
coreClock: 1.38GHz coreCount: 80 deviceMemorySize: 31.87GiB deviceMemoryBandwidth: 836.37GiB/s
2020-03-06 09:51:41.475954: I tensorflow/stream_executor/platform/default/dso_loader.cc:44] Successfully opened dynamic library libcudart.so.10.1
2020-03-06 09:51:41.481051: I tensorflow/stream_executor/platform/default/dso_loader.cc:44] Successfully opened dynamic library libcublas.so.10
2020-03-06 09:51:41.484553: I tensorflow/stream_executor/platform/default/dso_loader.cc:44] Successfully opened dynamic library libcufft.so.10
2020-03-06 09:51:41.486297: I tensorflow/stream_executor/platform/default/dso_loader.cc:44] Successfully opened dynamic library libcurand.so.10
2020-03-06 09:51:41.489601: I tensorflow/stream_executor/platform/default/dso_loader.cc:44] Successfully opened dynamic library libcusolver.so.10
2020-03-06 09:51:41.491630: I tensorflow/stream_executor/platform/default/dso_loader.cc:44] Successfully opened dynamic library libcusparse.so.10
2020-03-06 09:51:41.497227: I tensorflow/stream_executor/platform/default/dso_loader.cc:44] Successfully opened dynamic library libcudnn.so.7
2020-03-06 09:51:41.497391: I tensorflow/stream_executor/cuda/cuda_gpu_executor.cc:981] successful NUMA node read from SysFS had negative value (-1), but there must be at least one NUMA node, so returning NUMA node zero
2020-03-06 09:51:41.497871: I tensorflow/stream_executor/cuda/cuda_gpu_executor.cc:981] successful NUMA node read from SysFS had negative value (-1), but there must be at least one NUMA node, so returning NUMA node zero
2020-03-06 09:51:41.498243: I tensorflow/core/common_runtime/gpu/gpu_device.cc:1697] Adding visible gpu devices: 0
2020-03-06 09:51:41.500669: I tensorflow/stream_executor/cuda/cuda_gpu_executor.cc:981] successful NUMA node read from SysFS had negative value (-1), but there must be at least one NUMA node, so returning NUMA node zero
2020-03-06 09:51:41.501084: I tensorflow/core/common_runtime/gpu/gpu_device.cc:1555] Found device 0 with properties: 
pciBusID: 0000:02:00.0 name: GRID V100D-32Q computeCapability: 7.0
coreClock: 1.38GHz coreCount: 80 deviceMemorySize: 31.87GiB deviceMemoryBandwidth: 836.37GiB/s
2020-03-06 09:51:41.501125: I tensorflow/stream_executor/platform/default/dso_loader.cc:44] Successfully opened dynamic library libcudart.so.10.1
2020-03-06 09:51:41.501162: I tensorflow/stream_executor/platform/default/dso_loader.cc:44] Successfully opened dynamic library libcublas.so.10
2020-03-06 09:51:41.501183: I tensorflow/stream_executor/platform/default/dso_loader.cc:44] Successfully opened dynamic library libcufft.so.10
2020-03-06 09:51:41.501203: I tensorflow/stream_executor/platform/default/dso_loader.cc:44] Successfully opened dynamic library libcurand.so.10
2020-03-06 09:51:41.501223: I tensorflow/stream_executor/platform/default/dso_loader.cc:44] Successfully opened dynamic library libcusolver.so.10
2020-03-06 09:51:41.501243: I tensorflow/stream_executor/platform/default/dso_loader.cc:44] Successfully opened dynamic library libcusparse.so.10
2020-03-06 09:51:41.501263: I tensorflow/stream_executor/platform/default/dso_loader.cc:44] Successfully opened dynamic library libcudnn.so.7
2020-03-06 09:51:41.501366: I tensorflow/stream_executor/cuda/cuda_gpu_executor.cc:981] successful NUMA node read from SysFS had negative value (-1), but there must be at least one NUMA node, so returning NUMA node zero
2020-03-06 09:51:41.501814: I tensorflow/stream_executor/cuda/cuda_gpu_executor.cc:981] successful NUMA node read from SysFS had negative value (-1), but there must be at least one NUMA node, so returning NUMA node zero
2020-03-06 09:51:41.502179: I tensorflow/core/common_runtime/gpu/gpu_device.cc:1697] Adding visible gpu devices: 0
2020-03-06 09:51:41.502227: I tensorflow/stream_executor/platform/default/dso_loader.cc:44] Successfully opened dynamic library libcudart.so.10.1
2020-03-06 09:51:42.222341: I tensorflow/core/common_runtime/gpu/gpu_device.cc:1096] Device interconnect StreamExecutor with strength 1 edge matrix:
2020-03-06 09:51:42.222424: I tensorflow/core/common_runtime/gpu/gpu_device.cc:1102]      0 
2020-03-06 09:51:42.222439: I tensorflow/core/common_runtime/gpu/gpu_device.cc:1115] 0:   N 
2020-03-06 09:51:42.222717: I tensorflow/stream_executor/cuda/cuda_gpu_executor.cc:981] successful NUMA node read from SysFS had negative value (-1), but there must be at least one NUMA node, so returning NUMA node zero
2020-03-06 09:51:42.223327: I tensorflow/stream_executor/cuda/cuda_gpu_executor.cc:981] successful NUMA node read from SysFS had negative value (-1), but there must be at least one NUMA node, so returning NUMA node zero
2020-03-06 09:51:42.223826: I tensorflow/stream_executor/cuda/cuda_gpu_executor.cc:981] successful NUMA node read from SysFS had negative value (-1), but there must be at least one NUMA node, so returning NUMA node zero
2020-03-06 09:51:42.224253: I tensorflow/core/common_runtime/gpu/gpu_device.cc:1241] Created TensorFlow device (/job:localhost/replica:0/task:0/device:GPU:0 with 28652 MB memory) -> physical GPU (device: 0, name: GRID V100D-32Q, pci bus id: 0000:02:00.0, compute capability: 7.0)
2020-03-06 09:51:42.224579: I tensorflow/core/common_runtime/process_util.cc:147] Creating new thread pool with default inter op setting: 2. Tune using inter_op_parallelism_threads for best performance.
2020-03-06 09:51:45.178570: I tensorflow/stream_executor/platform/default/dso_loader.cc:44] Successfully opened dynamic library libcublas.so.10
2020-03-06 09:51:45.480999: I tensorflow/stream_executor/platform/default/dso_loader.cc:44] Successfully opened dynamic library libcudnn.so.7
/data/s2934833/MasterThesis/Test/test_images/*
x_pred shape: (5, 256, 256, 3)
5 x_pred samples
Predicted class: 2, Uncertainty of prediction: 38.52%
class: 0; proba: 0.9%; var: 10.15% 
class: 1; proba: 0.6%; var: 4.89% 
class: 2; proba: 98.5%; var: 38.52% 
class: 3; proba: 0.0%; var: 22.53% 
class: 4; proba: 0.0%; var: 23.91% 
Predicted class: 3, Uncertainty of prediction: 2.51%
class: 0; proba: 0.0%; var: 12.32% 
class: 1; proba: 35.2%; var: 1.74% 
class: 2; proba: 0.0%; var: 80.88% 
class: 3; proba: 64.8%; var: 2.51% 
class: 4; proba: 0.0%; var: 2.55% 
Predicted class: 1, Uncertainty of prediction: 0.15%
class: 0; proba: 0.0%; var: 0.43% 
class: 1; proba: 100.0%; var: 0.15% 
class: 2; proba: 0.0%; var: 37.67% 
class: 3; proba: 0.0%; var: 4.09% 
class: 4; proba: 0.0%; var: 57.65% 
Predicted class: 2, Uncertainty of prediction: 24.19%
class: 0; proba: 0.0%; var: 54.69% 
class: 1; proba: 0.2%; var: 3.23% 
class: 2; proba: 99.8%; var: 24.19% 
class: 3; proba: 0.0%; var: 14.22% 
class: 4; proba: 0.0%; var: 3.67% 
Predicted class: 2, Uncertainty of prediction: 3.84%
class: 0; proba: 23.3%; var: 61.04% 
class: 1; proba: 0.1%; var: 13.40% 
class: 2; proba: 76.6%; var: 3.84% 
class: 3; proba: 0.0%; var: 5.95% 
class: 4; proba: 0.0%; var: 15.77% 


###############################################################################
Peregrine Cluster
Job 9952613 for user 's2934833'
Finished at: Fri Mar  6 09:51:49 CET 2020

Job details:
============

Name                : use_varianceOutput
User                : s2934833
Partition           : gpu
Nodes               : pg-gpu39
Cores               : 12
State               : COMPLETED
Submit              : 2020-03-06T09:51:25
Start               : 2020-03-06T09:51:26
End                 : 2020-03-06T09:51:49
Reserved walltime   : 00:05:00
Used walltime       : 00:00:23
Used CPU time       : 00:00:11 (efficiency:  4.26%)
% User (Computation): 62.45%
% System (I/O)      : 37.55%
Mem reserved        : 32000M/node
Max Mem used        : 0.00  (pg-gpu39)
Max Disk Write      : 0.00  (pg-gpu39)
Max Disk Read       : 0.00  (pg-gpu39)


Acknowledgements:
=================

Please see this page for information about acknowledging Peregrine in your publications:

https://wiki.hpc.rug.nl/peregrine/additional_information/scientific_output

################################################################################
