
The following have been reloaded with a version change:
  1) FFTW/3.3.7-gompic-2018a => FFTW/3.3.7-gompi-2018a
  2) OpenMPI/2.1.2-gcccuda-2018a => OpenMPI/2.1.2-GCC-6.4.0-2.28
  3) Python/3.6.4-fosscuda-2018a => Python/3.6.4-foss-2018a
  4) ScaLAPACK/2.0.2-gompic-2018a-OpenBLAS-0.2.20 => ScaLAPACK/2.0.2-gompi-2018a-OpenBLAS-0.2.20

2020-02-12 20:57:37.641001: I tensorflow/stream_executor/cuda/cuda_gpu_executor.cc:964] successful NUMA node read from SysFS had negative value (-1), but there must be at least one NUMA node, so returning NUMA node zero
2020-02-12 20:57:37.643973: I tensorflow/core/common_runtime/gpu/gpu_device.cc:1432] Found device 0 with properties: 
name: GRID V100D-32Q major: 7 minor: 0 memoryClockRate(GHz): 1.38
pciBusID: 0000:02:00.0
totalMemory: 31.87GiB freeMemory: 29.56GiB
2020-02-12 20:57:37.645789: I tensorflow/core/common_runtime/gpu/gpu_device.cc:1511] Adding visible gpu devices: 0
2020-02-12 20:57:38.156657: I tensorflow/core/common_runtime/gpu/gpu_device.cc:982] Device interconnect StreamExecutor with strength 1 edge matrix:
2020-02-12 20:57:38.159818: I tensorflow/core/common_runtime/gpu/gpu_device.cc:988]      0 
2020-02-12 20:57:38.161494: I tensorflow/core/common_runtime/gpu/gpu_device.cc:1001] 0:   N 
2020-02-12 20:57:38.163053: I tensorflow/core/common_runtime/gpu/gpu_device.cc:1115] Created TensorFlow device (/job:localhost/replica:0/task:0/device:GPU:0 with 28669 MB memory) -> physical GPU (device: 0, name: GRID V100D-32Q, pci bus id: 0000:02:00.0, compute capability: 7.0)
2020-02-12 20:57:38.165593: I tensorflow/core/common_runtime/process_util.cc:69] Creating new thread pool with default inter op setting: 2. Tune using inter_op_parallelism_threads for best performance.
/home/s2934833/MasterThesis/Test/test_images/*
x_pred shape: (5, 256, 256, 3)
5 x_pred samples
/home/s2934833/MasterThesis/Test
0/5 [..............................] - ETA: 0s/home/s2934833/MasterThesis/Test
1/5 [=====>........................] - ETA: 2:21/home/s2934833/MasterThesis/Test
2/5 [===========>..................] - ETA: 1:16/home/s2934833/MasterThesis/Test
3/5 [=================>............] - ETA: 43s /home/s2934833/MasterThesis/Test
4/5 [=======================>......] - ETA: 20s/software/software/h5py/2.7.1-fosscuda-2018a-Python-3.6.4/lib/python3.6/site-packages/h5py-2.7.1-py3.6-linux-x86_64.egg/h5py/__init__.py:36: FutureWarning: Conversion of the second argument of issubdtype from `float` to `np.floating` is deprecated. In future, it will be treated as `np.float64 == np.dtype(float).type`.
  from ._conv import register_converters as _register_converters
posterior mean: 0
class: 0; proba: 79.8%; var: 0.00% 
class: 1; proba: 20.2%; var: 0.00% 
class: 2; proba: 0.0%; var: 0.00% 
class: 3; proba: 0.0%; var: 0.00% 
class: 4; proba: 0.0%; var: 0.00% 
posterior mean: 4
class: 0; proba: 0.0%; var: 0.00% 
class: 1; proba: 0.0%; var: 0.00% 
class: 2; proba: 0.0%; var: 0.00% 
class: 3; proba: 0.0%; var: 0.00% 
class: 4; proba: 100.0%; var: 0.00% 
posterior mean: 1
class: 0; proba: 0.0%; var: 0.00% 
class: 1; proba: 98.4%; var: 0.00% 
class: 2; proba: 0.0%; var: 0.00% 
class: 3; proba: 0.0%; var: 0.00% 
class: 4; proba: 1.6%; var: 0.00% 
posterior mean: 3
class: 0; proba: 0.0%; var: 0.00% 
class: 1; proba: 0.0%; var: 0.00% 
class: 2; proba: 0.0%; var: 0.00% 
class: 3; proba: 100.0%; var: 0.00% 
class: 4; proba: 0.0%; var: 0.00% 
posterior mean: 3
class: 0; proba: 0.0%; var: 0.00% 
class: 1; proba: 0.0%; var: 0.00% 
class: 2; proba: 17.4%; var: 0.00% 
class: 3; proba: 80.2%; var: 0.00% 
class: 4; proba: 2.3%; var: 0.00% 


###############################################################################
Peregrine Cluster
Job 9530138 for user 's2934833'
Finished at: Wed Feb 12 20:59:01 CET 2020

Job details:
============

Name                : use_ensemble
User                : s2934833
Partition           : gpu
Nodes               : pg-gpu39
Cores               : 12
State               : COMPLETED
Submit              : 2020-02-12T14:10:36
Start               : 2020-02-12T20:57:23
End                 : 2020-02-12T20:59:01
Reserved walltime   : 00:05:00
Used walltime       : 00:01:38
Used CPU time       : 00:01:04 (efficiency:  5.49%)
% User (Computation): 75.45%
% System (I/O)      : 24.55%
Mem reserved        : 32000M/node
Max Mem used        : 5.31G (pg-gpu39)
Max Disk Write      : 184.32K (pg-gpu39)
Max Disk Read       : 5.47M (pg-gpu39)


Acknowledgements:
=================

Please see this page for information about acknowledging Peregrine in your publications:

https://wiki.hpc.rug.nl/peregrine/additional_information/scientific_output

################################################################################
