
The following have been reloaded with a version change:
  1) FFTW/3.3.8-gompic-2019b => FFTW/3.3.8-gompi-2019b
  2) OpenMPI/3.1.4-gcccuda-2019b => OpenMPI/3.1.4-GCC-8.3.0
  3) ScaLAPACK/2.0.2-gompic-2019b => ScaLAPACK/2.0.2-gompi-2019b
  4) SciPy-bundle/2019.10-fosscuda-2019b-Python-3.7.4 => SciPy-bundle/2019.10-foss-2019b-Python-3.7.4


The following have been reloaded with a version change:
  1) SciPy-bundle/2019.10-foss-2019b-Python-3.7.4 => SciPy-bundle/2019.10-fosscuda-2019b-Python-3.7.4

2020-06-24 16:08:56.354904: I tensorflow/stream_executor/platform/default/dso_loader.cc:44] Successfully opened dynamic library libcudart.so.10.1
2020-06-24 16:14:16.045255: I tensorflow/stream_executor/platform/default/dso_loader.cc:44] Successfully opened dynamic library libcuda.so.1
2020-06-24 16:14:16.105261: I tensorflow/stream_executor/cuda/cuda_gpu_executor.cc:981] successful NUMA node read from SysFS had negative value (-1), but there must be at least one NUMA node, so returning NUMA node zero
2020-06-24 16:14:16.105846: I tensorflow/core/common_runtime/gpu/gpu_device.cc:1555] Found device 0 with properties: 
pciBusID: 0000:02:00.0 name: GRID V100D-32Q computeCapability: 7.0
coreClock: 1.38GHz coreCount: 80 deviceMemorySize: 31.88GiB deviceMemoryBandwidth: 836.37GiB/s
2020-06-24 16:14:16.105918: I tensorflow/stream_executor/platform/default/dso_loader.cc:44] Successfully opened dynamic library libcudart.so.10.1
2020-06-24 16:14:16.113480: I tensorflow/stream_executor/platform/default/dso_loader.cc:44] Successfully opened dynamic library libcublas.so.10
2020-06-24 16:14:16.118064: I tensorflow/stream_executor/platform/default/dso_loader.cc:44] Successfully opened dynamic library libcufft.so.10
2020-06-24 16:14:16.120196: I tensorflow/stream_executor/platform/default/dso_loader.cc:44] Successfully opened dynamic library libcurand.so.10
2020-06-24 16:14:16.124582: I tensorflow/stream_executor/platform/default/dso_loader.cc:44] Successfully opened dynamic library libcusolver.so.10
2020-06-24 16:14:16.127005: I tensorflow/stream_executor/platform/default/dso_loader.cc:44] Successfully opened dynamic library libcusparse.so.10
2020-06-24 16:14:16.134163: I tensorflow/stream_executor/platform/default/dso_loader.cc:44] Successfully opened dynamic library libcudnn.so.7
2020-06-24 16:14:16.134451: I tensorflow/stream_executor/cuda/cuda_gpu_executor.cc:981] successful NUMA node read from SysFS had negative value (-1), but there must be at least one NUMA node, so returning NUMA node zero
2020-06-24 16:14:16.135435: I tensorflow/stream_executor/cuda/cuda_gpu_executor.cc:981] successful NUMA node read from SysFS had negative value (-1), but there must be at least one NUMA node, so returning NUMA node zero
2020-06-24 16:14:16.135936: I tensorflow/core/common_runtime/gpu/gpu_device.cc:1697] Adding visible gpu devices: 0
2020-06-24 16:14:16.139992: I tensorflow/stream_executor/cuda/cuda_gpu_executor.cc:981] successful NUMA node read from SysFS had negative value (-1), but there must be at least one NUMA node, so returning NUMA node zero
2020-06-24 16:14:16.140454: I tensorflow/core/common_runtime/gpu/gpu_device.cc:1555] Found device 0 with properties: 
pciBusID: 0000:02:00.0 name: GRID V100D-32Q computeCapability: 7.0
coreClock: 1.38GHz coreCount: 80 deviceMemorySize: 31.88GiB deviceMemoryBandwidth: 836.37GiB/s
2020-06-24 16:14:16.140517: I tensorflow/stream_executor/platform/default/dso_loader.cc:44] Successfully opened dynamic library libcudart.so.10.1
2020-06-24 16:14:16.140566: I tensorflow/stream_executor/platform/default/dso_loader.cc:44] Successfully opened dynamic library libcublas.so.10
2020-06-24 16:14:16.140588: I tensorflow/stream_executor/platform/default/dso_loader.cc:44] Successfully opened dynamic library libcufft.so.10
2020-06-24 16:14:16.140609: I tensorflow/stream_executor/platform/default/dso_loader.cc:44] Successfully opened dynamic library libcurand.so.10
2020-06-24 16:14:16.140629: I tensorflow/stream_executor/platform/default/dso_loader.cc:44] Successfully opened dynamic library libcusolver.so.10
2020-06-24 16:14:16.140650: I tensorflow/stream_executor/platform/default/dso_loader.cc:44] Successfully opened dynamic library libcusparse.so.10
2020-06-24 16:14:16.140696: I tensorflow/stream_executor/platform/default/dso_loader.cc:44] Successfully opened dynamic library libcudnn.so.7
2020-06-24 16:14:16.140806: I tensorflow/stream_executor/cuda/cuda_gpu_executor.cc:981] successful NUMA node read from SysFS had negative value (-1), but there must be at least one NUMA node, so returning NUMA node zero
2020-06-24 16:14:16.141313: I tensorflow/stream_executor/cuda/cuda_gpu_executor.cc:981] successful NUMA node read from SysFS had negative value (-1), but there must be at least one NUMA node, so returning NUMA node zero
2020-06-24 16:14:16.141719: I tensorflow/core/common_runtime/gpu/gpu_device.cc:1697] Adding visible gpu devices: 0
2020-06-24 16:14:16.141773: I tensorflow/stream_executor/platform/default/dso_loader.cc:44] Successfully opened dynamic library libcudart.so.10.1
2020-06-24 16:14:16.920422: I tensorflow/core/common_runtime/gpu/gpu_device.cc:1096] Device interconnect StreamExecutor with strength 1 edge matrix:
2020-06-24 16:14:16.920563: I tensorflow/core/common_runtime/gpu/gpu_device.cc:1102]      0 
2020-06-24 16:14:16.920581: I tensorflow/core/common_runtime/gpu/gpu_device.cc:1115] 0:   N 
2020-06-24 16:14:16.921029: I tensorflow/stream_executor/cuda/cuda_gpu_executor.cc:981] successful NUMA node read from SysFS had negative value (-1), but there must be at least one NUMA node, so returning NUMA node zero
2020-06-24 16:14:16.921809: I tensorflow/stream_executor/cuda/cuda_gpu_executor.cc:981] successful NUMA node read from SysFS had negative value (-1), but there must be at least one NUMA node, so returning NUMA node zero
2020-06-24 16:14:16.922553: I tensorflow/stream_executor/cuda/cuda_gpu_executor.cc:981] successful NUMA node read from SysFS had negative value (-1), but there must be at least one NUMA node, so returning NUMA node zero
2020-06-24 16:14:16.923087: I tensorflow/core/common_runtime/gpu/gpu_device.cc:1241] Created TensorFlow device (/job:localhost/replica:0/task:0/device:GPU:0 with 28652 MB memory) -> physical GPU (device: 0, name: GRID V100D-32Q, pci bus id: 0000:02:00.0, compute capability: 7.0)
2020-06-24 16:14:16.923944: I tensorflow/core/common_runtime/process_util.cc:147] Creating new thread pool with default inter op setting: 12. Tune using inter_op_parallelism_threads for best performance.
2020-06-24 16:14:27.578360: I tensorflow/stream_executor/platform/default/dso_loader.cc:44] Successfully opened dynamic library libcublas.so.10
2020-06-24 16:14:27.871531: I tensorflow/stream_executor/platform/default/dso_loader.cc:44] Successfully opened dynamic library libcudnn.so.7
Process Process-1:
Traceback (most recent call last):
  File "/software/software/Python/3.7.4-GCCcore-8.3.0/lib/python3.7/multiprocessing/process.py", line 297, in _bootstrap
    self.run()
  File "/software/software/Python/3.7.4-GCCcore-8.3.0/lib/python3.7/multiprocessing/process.py", line 99, in run
    self._target(*self._args, **self._kwargs)
  File "./use_Combined.py", line 1109, in Ensemble
    method_main()
  File "./use_Combined.py", line 1105, in method_main
    test_on_new_func(ensemble_new_images_predictions, x_pred, METHODNAME)
UnboundLocalError: local variable 'ensemble_new_images_predictions' referenced before assignment


###############################################################################
Peregrine Cluster
Job 12327097 for user 's2934833'
Finished at: Wed Jun 24 16:25:09 CEST 2020

Job details:
============

Name                : CombTest
User                : s2934833
Partition           : gpu
Nodes               : pg-gpu07
Cores               : 12
State               : COMPLETED
Submit              : 2020-06-24T16:06:20
Start               : 2020-06-24T16:08:47
End                 : 2020-06-24T16:25:09
Reserved walltime   : 16:00:00
Used walltime       : 00:16:22
Used CPU time       : 00:12:30 (efficiency:  6.37%)
% User (Computation): 76.32%
% System (I/O)      : 23.68%
Mem reserved        : 125G/node
Max Mem used        : 5.41G (pg-gpu07)
Max Disk Write      : 194.56K (pg-gpu07)
Max Disk Read       : 7.33M (pg-gpu07)
Average GPU usage   : 7.4% (pg-gpu07)


Acknowledgements:
=================

Please see this page for information about acknowledging Peregrine in your publications:

https://wiki.hpc.rug.nl/peregrine/additional_information/scientific_output

################################################################################
