
The following have been reloaded with a version change:
  1) FFTW/3.3.7-gompic-2018a => FFTW/3.3.7-gompi-2018a
  2) OpenMPI/2.1.2-gcccuda-2018a => OpenMPI/2.1.2-GCC-6.4.0-2.28
  3) Python/3.6.4-fosscuda-2018a => Python/3.6.4-foss-2018a
  4) ScaLAPACK/2.0.2-gompic-2018a-OpenBLAS-0.2.20 => ScaLAPACK/2.0.2-gompi-2018a-OpenBLAS-0.2.20

2020-02-05 13:14:11.886667: I tensorflow/stream_executor/cuda/cuda_gpu_executor.cc:964] successful NUMA node read from SysFS had negative value (-1), but there must be at least one NUMA node, so returning NUMA node zero
2020-02-05 13:14:11.889426: I tensorflow/core/common_runtime/gpu/gpu_device.cc:1432] Found device 0 with properties: 
name: GRID V100D-32Q major: 7 minor: 0 memoryClockRate(GHz): 1.38
pciBusID: 0000:02:00.0
totalMemory: 31.88GiB freeMemory: 29.56GiB
2020-02-05 13:14:11.889481: I tensorflow/core/common_runtime/gpu/gpu_device.cc:1511] Adding visible gpu devices: 0
2020-02-05 13:14:12.937663: I tensorflow/core/common_runtime/gpu/gpu_device.cc:982] Device interconnect StreamExecutor with strength 1 edge matrix:
2020-02-05 13:14:12.937770: I tensorflow/core/common_runtime/gpu/gpu_device.cc:988]      0 
2020-02-05 13:14:12.937793: I tensorflow/core/common_runtime/gpu/gpu_device.cc:1001] 0:   N 
2020-02-05 13:14:12.937924: I tensorflow/core/common_runtime/gpu/gpu_device.cc:1115] Created TensorFlow device (/job:localhost/replica:0/task:0/device:GPU:0 with 28671 MB memory) -> physical GPU (device: 0, name: GRID V100D-32Q, pci bus id: 0000:02:00.0, compute capability: 7.0)
2020-02-05 13:14:12.939555: I tensorflow/core/common_runtime/process_util.cc:69] Creating new thread pool with default inter op setting: 2. Tune using inter_op_parallelism_threads for best performance.
/home/s2934833/MasterThesis/Test/test_images/*
x_pred shape: (5, 256, 256, 3)
5 x_pred samples
/home/s2934833/MasterThesis/Dropout/2020-02-05_11-05-54
_________________________________________________________________
Layer (type)                 Output Shape              Param #   
=================================================================
input_1 (InputLayer)         (None, 256, 256, 3)       0         
_________________________________________________________________
block1_conv1 (Conv2D)        (None, 256, 256, 64)      1792      
_________________________________________________________________
block1_conv2 (Conv2D)        (None, 256, 256, 64)      36928     
_________________________________________________________________
block1_pool (MaxPooling2D)   (None, 128, 128, 64)      0         
_________________________________________________________________
dropout (Dropout)            (None, 128, 128, 64)      0         
_________________________________________________________________
block2_conv1 (Conv2D)        (None, 128, 128, 128)     73856     
_________________________________________________________________
block2_conv2 (Conv2D)        (None, 128, 128, 128)     147584    
_________________________________________________________________
block2_pool (MaxPooling2D)   (None, 64, 64, 128)       0         
_________________________________________________________________
dropout_1 (Dropout)          (None, 64, 64, 128)       0         
_________________________________________________________________
block3_conv1 (Conv2D)        (None, 64, 64, 256)       295168    
_________________________________________________________________
block3_conv2 (Conv2D)        (None, 64, 64, 256)       590080    
_________________________________________________________________
block3_conv3 (Conv2D)        (None, 64, 64, 256)       590080    
_________________________________________________________________
block3_pool (MaxPooling2D)   (None, 32, 32, 256)       0         
_________________________________________________________________
dropout_2 (Dropout)          (None, 32, 32, 256)       0         
_________________________________________________________________
block4_conv1 (Conv2D)        (None, 32, 32, 512)       1180160   
_________________________________________________________________
block4_conv2 (Conv2D)        (None, 32, 32, 512)       2359808   
_________________________________________________________________
block4_conv3 (Conv2D)        (None, 32, 32, 512)       2359808   
_________________________________________________________________
block4_pool (MaxPooling2D)   (None, 16, 16, 512)       0         
_________________________________________________________________
dropout_3 (Dropout)          (None, 16, 16, 512)       0         
_________________________________________________________________
block5_conv1 (Conv2D)        (None, 16, 16, 512)       2359808   
_________________________________________________________________
block5_conv2 (Conv2D)        (None, 16, 16, 512)       2359808   
_________________________________________________________________
block5_conv3 (Conv2D)        (None, 16, 16, 512)       2359808   
_________________________________________________________________
block5_pool (MaxPooling2D)   (None, 8, 8, 512)         0         
_________________________________________________________________
dropout_4 (Dropout)          (None, 8, 8, 512)         0         
_________________________________________________________________
flatten (Flatten)            (None, 32768)             0         
_________________________________________________________________
fc1 (Dense)                  (None, 4096)              134221824 
_________________________________________________________________
dropout_5 (Dropout)          (None, 4096)              0         
_________________________________________________________________
fc2 (Dense)                  (None, 4096)              16781312  
_________________________________________________________________
dropout_6 (Dropout)          (None, 4096)              0         
_________________________________________________________________
predictions (Dense)          (None, 5)                 20485     
=================================================================
Total params: 165,738,309
Trainable params: 165,738,309
Non-trainable params: 0
_________________________________________________________________
  0/250 [..............................] - ETA: 0s 82/250 [========>.....................] - ETA: 10s/software/software/h5py/2.7.1-fosscuda-2018a-Python-3.6.4/lib/python3.6/site-packages/h5py-2.7.1-py3.6-linux-x86_64.egg/h5py/__init__.py:36: FutureWarning: Conversion of the second argument of issubdtype from `float` to `np.floating` is deprecated. In future, it will be treated as `np.float64 == np.dtype(float).type`.
  from ._conv import register_converters as _register_converters
posterior mean: 3
class: 0; proba: 0.8%; var: 5.66% 
class: 1; proba: 0.1%; var: 1.18% 
class: 2; proba: 4.0%; var: 14.30% 
class: 3; proba: 95.1%; var: 15.50% 
class: 4; proba: 0.0%; var: 0.00% 
posterior mean: 3
class: 0; proba: 0.6%; var: 6.54% 
class: 1; proba: 0.0%; var: 0.26% 
class: 2; proba: 0.2%; var: 1.12% 
class: 3; proba: 99.2%; var: 6.70% 
class: 4; proba: 0.0%; var: 0.00% 
posterior mean: 3
class: 0; proba: 0.3%; var: 1.58% 
class: 1; proba: 0.3%; var: 1.95% 
class: 2; proba: 20.7%; var: 27.32% 
class: 3; proba: 78.7%; var: 27.69% 
class: 4; proba: 0.0%; var: 0.00% 
posterior mean: 3
class: 0; proba: 3.6%; var: 13.08% 
class: 1; proba: 1.2%; var: 6.35% 
class: 2; proba: 7.3%; var: 19.40% 
class: 3; proba: 87.9%; var: 24.87% 
class: 4; proba: 0.0%; var: 0.00% 
posterior mean: 3
class: 0; proba: 20.1%; var: 27.24% 
class: 1; proba: 3.4%; var: 8.03% 
class: 2; proba: 21.5%; var: 27.31% 
class: 3; proba: 55.0%; var: 35.86% 
class: 4; proba: 0.0%; var: 0.00% 


###############################################################################
Peregrine Cluster
Job 9458049 for user 's2934833'
Finished at: Wed Feb  5 13:14:37 CET 2020

Job details:
============

Name                : use_MCDO
User                : s2934833
Partition           : gpu
Nodes               : pg-gpu25
Cores               : 12
State               : COMPLETED
Submit              : 2020-02-05T11:57:00
Start               : 2020-02-05T13:13:45
End                 : 2020-02-05T13:14:37
Reserved walltime   : 00:05:00
Used walltime       : 00:00:52
Used CPU time       : 00:00:27 (efficiency:  4.44%)
% User (Computation): 66.44%
% System (I/O)      : 33.56%
Mem reserved        : 32000M/node
Max Mem used        : 2.03G (pg-gpu25)
Max Disk Write      : 184.32K (pg-gpu25)
Max Disk Read       : 6.44M (pg-gpu25)


Acknowledgements:
=================

Please see this page for information about acknowledging Peregrine in your publications:

https://wiki.hpc.rug.nl/peregrine/additional_information/scientific_output

################################################################################
