
The following have been reloaded with a version change:
  1) FFTW/3.3.8-gompic-2019b => FFTW/3.3.8-gompi-2019b
  2) OpenMPI/3.1.4-gcccuda-2019b => OpenMPI/3.1.4-GCC-8.3.0
  3) ScaLAPACK/2.0.2-gompic-2019b => ScaLAPACK/2.0.2-gompi-2019b
  4) SciPy-bundle/2019.10-fosscuda-2019b-Python-3.7.4 => SciPy-bundle/2019.10-foss-2019b-Python-3.7.4


The following have been reloaded with a version change:
  1) SciPy-bundle/2019.10-foss-2019b-Python-3.7.4 => SciPy-bundle/2019.10-fosscuda-2019b-Python-3.7.4

2020-05-27 11:14:55.618409: I tensorflow/stream_executor/platform/default/dso_loader.cc:44] Successfully opened dynamic library libcudart.so.10.1
2020-05-27 11:15:11.579228: I tensorflow/stream_executor/platform/default/dso_loader.cc:44] Successfully opened dynamic library libcuda.so.1
2020-05-27 11:15:11.588309: I tensorflow/stream_executor/cuda/cuda_gpu_executor.cc:981] successful NUMA node read from SysFS had negative value (-1), but there must be at least one NUMA node, so returning NUMA node zero
2020-05-27 11:15:11.589057: I tensorflow/core/common_runtime/gpu/gpu_device.cc:1555] Found device 0 with properties: 
pciBusID: 0000:02:00.0 name: GRID V100D-32Q computeCapability: 7.0
coreClock: 1.38GHz coreCount: 80 deviceMemorySize: 31.88GiB deviceMemoryBandwidth: 836.37GiB/s
2020-05-27 11:15:11.589145: I tensorflow/stream_executor/platform/default/dso_loader.cc:44] Successfully opened dynamic library libcudart.so.10.1
2020-05-27 11:15:11.596293: I tensorflow/stream_executor/platform/default/dso_loader.cc:44] Successfully opened dynamic library libcublas.so.10
2020-05-27 11:15:11.600519: I tensorflow/stream_executor/platform/default/dso_loader.cc:44] Successfully opened dynamic library libcufft.so.10
2020-05-27 11:15:11.602102: I tensorflow/stream_executor/platform/default/dso_loader.cc:44] Successfully opened dynamic library libcurand.so.10
2020-05-27 11:15:11.606324: I tensorflow/stream_executor/platform/default/dso_loader.cc:44] Successfully opened dynamic library libcusolver.so.10
2020-05-27 11:15:11.608371: I tensorflow/stream_executor/platform/default/dso_loader.cc:44] Successfully opened dynamic library libcusparse.so.10
2020-05-27 11:15:11.614186: I tensorflow/stream_executor/platform/default/dso_loader.cc:44] Successfully opened dynamic library libcudnn.so.7
2020-05-27 11:15:11.614427: I tensorflow/stream_executor/cuda/cuda_gpu_executor.cc:981] successful NUMA node read from SysFS had negative value (-1), but there must be at least one NUMA node, so returning NUMA node zero
2020-05-27 11:15:11.615112: I tensorflow/stream_executor/cuda/cuda_gpu_executor.cc:981] successful NUMA node read from SysFS had negative value (-1), but there must be at least one NUMA node, so returning NUMA node zero
2020-05-27 11:15:11.615506: I tensorflow/core/common_runtime/gpu/gpu_device.cc:1697] Adding visible gpu devices: 0
2020-05-27 11:15:11.619549: I tensorflow/stream_executor/cuda/cuda_gpu_executor.cc:981] successful NUMA node read from SysFS had negative value (-1), but there must be at least one NUMA node, so returning NUMA node zero
2020-05-27 11:15:11.620102: I tensorflow/core/common_runtime/gpu/gpu_device.cc:1555] Found device 0 with properties: 
pciBusID: 0000:02:00.0 name: GRID V100D-32Q computeCapability: 7.0
coreClock: 1.38GHz coreCount: 80 deviceMemorySize: 31.88GiB deviceMemoryBandwidth: 836.37GiB/s
2020-05-27 11:15:11.620163: I tensorflow/stream_executor/platform/default/dso_loader.cc:44] Successfully opened dynamic library libcudart.so.10.1
2020-05-27 11:15:11.620206: I tensorflow/stream_executor/platform/default/dso_loader.cc:44] Successfully opened dynamic library libcublas.so.10
2020-05-27 11:15:11.620229: I tensorflow/stream_executor/platform/default/dso_loader.cc:44] Successfully opened dynamic library libcufft.so.10
2020-05-27 11:15:11.620249: I tensorflow/stream_executor/platform/default/dso_loader.cc:44] Successfully opened dynamic library libcurand.so.10
2020-05-27 11:15:11.620268: I tensorflow/stream_executor/platform/default/dso_loader.cc:44] Successfully opened dynamic library libcusolver.so.10
2020-05-27 11:15:11.620293: I tensorflow/stream_executor/platform/default/dso_loader.cc:44] Successfully opened dynamic library libcusparse.so.10
2020-05-27 11:15:11.620354: I tensorflow/stream_executor/platform/default/dso_loader.cc:44] Successfully opened dynamic library libcudnn.so.7
2020-05-27 11:15:11.620458: I tensorflow/stream_executor/cuda/cuda_gpu_executor.cc:981] successful NUMA node read from SysFS had negative value (-1), but there must be at least one NUMA node, so returning NUMA node zero
2020-05-27 11:15:11.621009: I tensorflow/stream_executor/cuda/cuda_gpu_executor.cc:981] successful NUMA node read from SysFS had negative value (-1), but there must be at least one NUMA node, so returning NUMA node zero
2020-05-27 11:15:11.621453: I tensorflow/core/common_runtime/gpu/gpu_device.cc:1697] Adding visible gpu devices: 0
2020-05-27 11:15:11.621522: I tensorflow/stream_executor/platform/default/dso_loader.cc:44] Successfully opened dynamic library libcudart.so.10.1
2020-05-27 11:15:12.346842: I tensorflow/core/common_runtime/gpu/gpu_device.cc:1096] Device interconnect StreamExecutor with strength 1 edge matrix:
2020-05-27 11:15:12.346974: I tensorflow/core/common_runtime/gpu/gpu_device.cc:1102]      0 
2020-05-27 11:15:12.346991: I tensorflow/core/common_runtime/gpu/gpu_device.cc:1115] 0:   N 
2020-05-27 11:15:12.347424: I tensorflow/stream_executor/cuda/cuda_gpu_executor.cc:981] successful NUMA node read from SysFS had negative value (-1), but there must be at least one NUMA node, so returning NUMA node zero
2020-05-27 11:15:12.348207: I tensorflow/stream_executor/cuda/cuda_gpu_executor.cc:981] successful NUMA node read from SysFS had negative value (-1), but there must be at least one NUMA node, so returning NUMA node zero
2020-05-27 11:15:12.348910: I tensorflow/stream_executor/cuda/cuda_gpu_executor.cc:981] successful NUMA node read from SysFS had negative value (-1), but there must be at least one NUMA node, so returning NUMA node zero
2020-05-27 11:15:12.349390: I tensorflow/core/common_runtime/gpu/gpu_device.cc:1241] Created TensorFlow device (/job:localhost/replica:0/task:0/device:GPU:0 with 28652 MB memory) -> physical GPU (device: 0, name: GRID V100D-32Q, pci bus id: 0000:02:00.0, compute capability: 7.0)
2020-05-27 11:15:12.350183: I tensorflow/core/common_runtime/process_util.cc:147] Creating new thread pool with default inter op setting: 12. Tune using inter_op_parallelism_threads for best performance.
2020-05-27 11:15:18.643546: I tensorflow/stream_executor/platform/default/dso_loader.cc:44] Successfully opened dynamic library libcublas.so.10
2020-05-27 11:15:18.928461: I tensorflow/stream_executor/platform/default/dso_loader.cc:44] Successfully opened dynamic library libcudnn.so.7
Process Process-1:
Traceback (most recent call last):
  File "/software/software/Python/3.7.4-GCCcore-8.3.0/lib/python3.7/multiprocessing/process.py", line 297, in _bootstrap
    self.run()
  File "/software/software/Python/3.7.4-GCCcore-8.3.0/lib/python3.7/multiprocessing/process.py", line 99, in run
    self._target(*self._args, **self._kwargs)
  File "./use_Combined.py", line 50, in with_profiling
    ret = fn(*args, **kwargs)
  File "./use_Combined.py", line 1048, in Ensemble
    method_main()
  File "./use_Combined.py", line 1043, in method_main
    ensemble_only_new_images_predictions = ensemble_predict(x_pred)
UnboundLocalError: local variable 'x_pred' referenced before assignment


###############################################################################
Peregrine Cluster
Job 11773649 for user 's2934833'
Finished at: Wed May 27 11:22:25 CEST 2020

Job details:
============

Name                : CombTest
User                : s2934833
Partition           : gpu
Nodes               : pg-gpu28
Cores               : 12
State               : COMPLETED
Submit              : 2020-05-27T11:14:48
Start               : 2020-05-27T11:14:48
End                 : 2020-05-27T11:22:25
Reserved walltime   : 02:00:00
Used walltime       : 00:07:37
Used CPU time       : 00:05:59 (efficiency:  6.55%)
% User (Computation): 84.98%
% System (I/O)      : 15.02%
Mem reserved        : 32000M/node
Max Mem used        : 5.52G (pg-gpu28)
Max Disk Write      : 194.56K (pg-gpu28)
Max Disk Read       : 7.15M (pg-gpu28)
Average GPU usage   : 27.2% (pg-gpu28)


Acknowledgements:
=================

Please see this page for information about acknowledging Peregrine in your publications:

https://wiki.hpc.rug.nl/peregrine/additional_information/scientific_output

################################################################################
