
The following have been reloaded with a version change:
  1) FFTW/3.3.8-gompic-2019b => FFTW/3.3.8-gompi-2019b
  2) OpenMPI/3.1.4-gcccuda-2019b => OpenMPI/3.1.4-GCC-8.3.0
  3) ScaLAPACK/2.0.2-gompic-2019b => ScaLAPACK/2.0.2-gompi-2019b
  4) SciPy-bundle/2019.10-fosscuda-2019b-Python-3.7.4 => SciPy-bundle/2019.10-foss-2019b-Python-3.7.4


The following have been reloaded with a version change:
  1) SciPy-bundle/2019.10-foss-2019b-Python-3.7.4 => SciPy-bundle/2019.10-fosscuda-2019b-Python-3.7.4

2020-05-27 10:23:57.458180: I tensorflow/stream_executor/platform/default/dso_loader.cc:44] Successfully opened dynamic library libcudart.so.10.1
2020-05-27 10:24:09.404615: I tensorflow/stream_executor/platform/default/dso_loader.cc:44] Successfully opened dynamic library libcuda.so.1
2020-05-27 10:24:09.412704: I tensorflow/stream_executor/cuda/cuda_gpu_executor.cc:981] successful NUMA node read from SysFS had negative value (-1), but there must be at least one NUMA node, so returning NUMA node zero
2020-05-27 10:24:09.413244: I tensorflow/core/common_runtime/gpu/gpu_device.cc:1555] Found device 0 with properties: 
pciBusID: 0000:02:00.0 name: GRID V100D-32Q computeCapability: 7.0
coreClock: 1.38GHz coreCount: 80 deviceMemorySize: 31.88GiB deviceMemoryBandwidth: 836.37GiB/s
2020-05-27 10:24:09.413297: I tensorflow/stream_executor/platform/default/dso_loader.cc:44] Successfully opened dynamic library libcudart.so.10.1
2020-05-27 10:24:09.419350: I tensorflow/stream_executor/platform/default/dso_loader.cc:44] Successfully opened dynamic library libcublas.so.10
2020-05-27 10:24:09.423223: I tensorflow/stream_executor/platform/default/dso_loader.cc:44] Successfully opened dynamic library libcufft.so.10
2020-05-27 10:24:09.424751: I tensorflow/stream_executor/platform/default/dso_loader.cc:44] Successfully opened dynamic library libcurand.so.10
2020-05-27 10:24:09.428387: I tensorflow/stream_executor/platform/default/dso_loader.cc:44] Successfully opened dynamic library libcusolver.so.10
2020-05-27 10:24:09.430757: I tensorflow/stream_executor/platform/default/dso_loader.cc:44] Successfully opened dynamic library libcusparse.so.10
2020-05-27 10:24:09.437114: I tensorflow/stream_executor/platform/default/dso_loader.cc:44] Successfully opened dynamic library libcudnn.so.7
2020-05-27 10:24:09.437346: I tensorflow/stream_executor/cuda/cuda_gpu_executor.cc:981] successful NUMA node read from SysFS had negative value (-1), but there must be at least one NUMA node, so returning NUMA node zero
2020-05-27 10:24:09.438055: I tensorflow/stream_executor/cuda/cuda_gpu_executor.cc:981] successful NUMA node read from SysFS had negative value (-1), but there must be at least one NUMA node, so returning NUMA node zero
2020-05-27 10:24:09.438505: I tensorflow/core/common_runtime/gpu/gpu_device.cc:1697] Adding visible gpu devices: 0
2020-05-27 10:24:09.442154: I tensorflow/stream_executor/cuda/cuda_gpu_executor.cc:981] successful NUMA node read from SysFS had negative value (-1), but there must be at least one NUMA node, so returning NUMA node zero
2020-05-27 10:24:09.442624: I tensorflow/core/common_runtime/gpu/gpu_device.cc:1555] Found device 0 with properties: 
pciBusID: 0000:02:00.0 name: GRID V100D-32Q computeCapability: 7.0
coreClock: 1.38GHz coreCount: 80 deviceMemorySize: 31.88GiB deviceMemoryBandwidth: 836.37GiB/s
2020-05-27 10:24:09.442670: I tensorflow/stream_executor/platform/default/dso_loader.cc:44] Successfully opened dynamic library libcudart.so.10.1
2020-05-27 10:24:09.442708: I tensorflow/stream_executor/platform/default/dso_loader.cc:44] Successfully opened dynamic library libcublas.so.10
2020-05-27 10:24:09.442730: I tensorflow/stream_executor/platform/default/dso_loader.cc:44] Successfully opened dynamic library libcufft.so.10
2020-05-27 10:24:09.442751: I tensorflow/stream_executor/platform/default/dso_loader.cc:44] Successfully opened dynamic library libcurand.so.10
2020-05-27 10:24:09.442772: I tensorflow/stream_executor/platform/default/dso_loader.cc:44] Successfully opened dynamic library libcusolver.so.10
2020-05-27 10:24:09.442792: I tensorflow/stream_executor/platform/default/dso_loader.cc:44] Successfully opened dynamic library libcusparse.so.10
2020-05-27 10:24:09.442839: I tensorflow/stream_executor/platform/default/dso_loader.cc:44] Successfully opened dynamic library libcudnn.so.7
2020-05-27 10:24:09.442923: I tensorflow/stream_executor/cuda/cuda_gpu_executor.cc:981] successful NUMA node read from SysFS had negative value (-1), but there must be at least one NUMA node, so returning NUMA node zero
2020-05-27 10:24:09.443426: I tensorflow/stream_executor/cuda/cuda_gpu_executor.cc:981] successful NUMA node read from SysFS had negative value (-1), but there must be at least one NUMA node, so returning NUMA node zero
2020-05-27 10:24:09.443871: I tensorflow/core/common_runtime/gpu/gpu_device.cc:1697] Adding visible gpu devices: 0
2020-05-27 10:24:09.443922: I tensorflow/stream_executor/platform/default/dso_loader.cc:44] Successfully opened dynamic library libcudart.so.10.1
2020-05-27 10:24:10.199374: I tensorflow/core/common_runtime/gpu/gpu_device.cc:1096] Device interconnect StreamExecutor with strength 1 edge matrix:
2020-05-27 10:24:10.199519: I tensorflow/core/common_runtime/gpu/gpu_device.cc:1102]      0 
2020-05-27 10:24:10.199537: I tensorflow/core/common_runtime/gpu/gpu_device.cc:1115] 0:   N 
2020-05-27 10:24:10.199991: I tensorflow/stream_executor/cuda/cuda_gpu_executor.cc:981] successful NUMA node read from SysFS had negative value (-1), but there must be at least one NUMA node, so returning NUMA node zero
2020-05-27 10:24:10.200771: I tensorflow/stream_executor/cuda/cuda_gpu_executor.cc:981] successful NUMA node read from SysFS had negative value (-1), but there must be at least one NUMA node, so returning NUMA node zero
2020-05-27 10:24:10.201478: I tensorflow/stream_executor/cuda/cuda_gpu_executor.cc:981] successful NUMA node read from SysFS had negative value (-1), but there must be at least one NUMA node, so returning NUMA node zero
2020-05-27 10:24:10.202104: I tensorflow/core/common_runtime/gpu/gpu_device.cc:1241] Created TensorFlow device (/job:localhost/replica:0/task:0/device:GPU:0 with 28652 MB memory) -> physical GPU (device: 0, name: GRID V100D-32Q, pci bus id: 0000:02:00.0, compute capability: 7.0)
2020-05-27 10:24:10.202649: I tensorflow/core/common_runtime/process_util.cc:147] Creating new thread pool with default inter op setting: 12. Tune using inter_op_parallelism_threads for best performance.
2020-05-27 10:24:23.585384: I tensorflow/stream_executor/platform/default/dso_loader.cc:44] Successfully opened dynamic library libcublas.so.10
2020-05-27 10:24:23.901745: I tensorflow/stream_executor/platform/default/dso_loader.cc:44] Successfully opened dynamic library libcudnn.so.7
Process Process-1:
Traceback (most recent call last):
  File "/software/software/Python/3.7.4-GCCcore-8.3.0/lib/python3.7/multiprocessing/process.py", line 297, in _bootstrap
    self.run()
  File "/software/software/Python/3.7.4-GCCcore-8.3.0/lib/python3.7/multiprocessing/process.py", line 99, in run
    self._target(*self._args, **self._kwargs)
  File "./use_Combined.py", line 50, in with_profiling
    ret = fn(*args, **kwargs)
  File "./use_Combined.py", line 1029, in Ensemble
    method_main()
  File "./use_Combined.py", line 1024, in method_main
    ensemble_only_new_images_predictions = ensemble_predict(x_pred)
UnboundLocalError: local variable 'x_pred' referenced before assignment


###############################################################################
Peregrine Cluster
Job 11773118 for user 's2934833'
Finished at: Wed May 27 10:29:09 CEST 2020

Job details:
============

Name                : CombTest
User                : s2934833
Partition           : gpu
Nodes               : pg-gpu28
Cores               : 12
State               : COMPLETED
Submit              : 2020-05-27T10:23:49
Start               : 2020-05-27T10:23:50
End                 : 2020-05-27T10:29:09
Reserved walltime   : 02:00:00
Used walltime       : 00:05:19
Used CPU time       : 00:03:50 (efficiency:  6.01%)
% User (Computation): 63.03%
% System (I/O)      : 36.97%
Mem reserved        : 32000M/node
Max Mem used        : 7.93G (pg-gpu28)
Max Disk Write      : 194.56K (pg-gpu28)
Max Disk Read       : 7.15M (pg-gpu28)
Average GPU usage   : 14.5% (pg-gpu28)


Acknowledgements:
=================

Please see this page for information about acknowledging Peregrine in your publications:

https://wiki.hpc.rug.nl/peregrine/additional_information/scientific_output

################################################################################
