
The following have been reloaded with a version change:
  1) FFTW/3.3.7-gompic-2018a => FFTW/3.3.7-gompi-2018a
  2) OpenMPI/2.1.2-gcccuda-2018a => OpenMPI/2.1.2-GCC-6.4.0-2.28
  3) Python/3.6.4-fosscuda-2018a => Python/3.6.4-foss-2018a
  4) ScaLAPACK/2.0.2-gompic-2018a-OpenBLAS-0.2.20 => ScaLAPACK/2.0.2-gompi-2018a-OpenBLAS-0.2.20

/software/software/h5py/2.7.1-fosscuda-2018a-Python-3.6.4/lib/python3.6/site-packages/h5py-2.7.1-py3.6-linux-x86_64.egg/h5py/__init__.py:36: FutureWarning: Conversion of the second argument of issubdtype from `float` to `np.floating` is deprecated. In future, it will be treated as `np.float64 == np.dtype(float).type`.
  from ._conv import register_converters as _register_converters
Traceback (most recent call last):
  File "use_trained_model.py", line 23, in <module>
    import cv2
ModuleNotFoundError: No module named 'cv2'


###############################################################################
Peregrine Cluster
Job 9356817 for user 's2934833'
Finished at: Wed Jan 22 15:38:17 CET 2020

Job details:
============

Name                : use_trained_model
User                : s2934833
Partition           : gpu
Nodes               : pg-gpu13
Cores               : 12
State               : FAILED
Submit              : 2020-01-22T14:40:03
Start               : 2020-01-22T15:38:02
End                 : 2020-01-22T15:38:16
Reserved walltime   : 00:05:00
Used walltime       : 00:00:14
Used CPU time       : 00:00:05 (efficiency:  3.06%)
% User (Computation): 72.64%
% System (I/O)      : 27.34%
Mem reserved        : 16000M/node
Max Mem used        : 0.00  (pg-gpu13)
Max Disk Write      : 0.00  (pg-gpu13)
Max Disk Read       : 0.00  (pg-gpu13)


Acknowledgements:
=================

Please see this page if you want to acknowledge Peregrine in your publications:

https://redmine.hpc.rug.nl/redmine/projects/peregrine/wiki/ScientificOutput

################################################################################
