
The following have been reloaded with a version change:
  1) FFTW/3.3.8-gompic-2019b => FFTW/3.3.8-gompi-2019b
  2) OpenMPI/3.1.4-gcccuda-2019b => OpenMPI/3.1.4-GCC-8.3.0
  3) ScaLAPACK/2.0.2-gompic-2019b => ScaLAPACK/2.0.2-gompi-2019b
  4) SciPy-bundle/2019.10-fosscuda-2019b-Python-3.7.4 => SciPy-bundle/2019.10-foss-2019b-Python-3.7.4

2020-04-10 15:31:22.915717: I tensorflow/stream_executor/platform/default/dso_loader.cc:44] Successfully opened dynamic library libcudart.so.10.1
2020-04-10 15:31:31.492539: I tensorflow/stream_executor/platform/default/dso_loader.cc:44] Successfully opened dynamic library libcuda.so.1
2020-04-10 15:31:31.501703: I tensorflow/stream_executor/cuda/cuda_gpu_executor.cc:981] successful NUMA node read from SysFS had negative value (-1), but there must be at least one NUMA node, so returning NUMA node zero
2020-04-10 15:31:31.502295: I tensorflow/core/common_runtime/gpu/gpu_device.cc:1555] Found device 0 with properties: 
pciBusID: 0000:02:00.0 name: GRID V100D-32Q computeCapability: 7.0
coreClock: 1.38GHz coreCount: 80 deviceMemorySize: 31.88GiB deviceMemoryBandwidth: 836.37GiB/s
2020-04-10 15:31:31.502358: I tensorflow/stream_executor/platform/default/dso_loader.cc:44] Successfully opened dynamic library libcudart.so.10.1
2020-04-10 15:31:31.509556: I tensorflow/stream_executor/platform/default/dso_loader.cc:44] Successfully opened dynamic library libcublas.so.10
2020-04-10 15:31:31.514077: I tensorflow/stream_executor/platform/default/dso_loader.cc:44] Successfully opened dynamic library libcufft.so.10
2020-04-10 15:31:31.515889: I tensorflow/stream_executor/platform/default/dso_loader.cc:44] Successfully opened dynamic library libcurand.so.10
2020-04-10 15:31:31.519854: I tensorflow/stream_executor/platform/default/dso_loader.cc:44] Successfully opened dynamic library libcusolver.so.10
2020-04-10 15:31:31.522172: I tensorflow/stream_executor/platform/default/dso_loader.cc:44] Successfully opened dynamic library libcusparse.so.10
2020-04-10 15:31:31.528200: I tensorflow/stream_executor/platform/default/dso_loader.cc:44] Successfully opened dynamic library libcudnn.so.7
2020-04-10 15:31:31.528435: I tensorflow/stream_executor/cuda/cuda_gpu_executor.cc:981] successful NUMA node read from SysFS had negative value (-1), but there must be at least one NUMA node, so returning NUMA node zero
2020-04-10 15:31:31.529025: I tensorflow/stream_executor/cuda/cuda_gpu_executor.cc:981] successful NUMA node read from SysFS had negative value (-1), but there must be at least one NUMA node, so returning NUMA node zero
2020-04-10 15:31:31.529410: I tensorflow/core/common_runtime/gpu/gpu_device.cc:1697] Adding visible gpu devices: 0
2020-04-10 15:31:31.533196: I tensorflow/stream_executor/cuda/cuda_gpu_executor.cc:981] successful NUMA node read from SysFS had negative value (-1), but there must be at least one NUMA node, so returning NUMA node zero
2020-04-10 15:31:31.533614: I tensorflow/core/common_runtime/gpu/gpu_device.cc:1555] Found device 0 with properties: 
pciBusID: 0000:02:00.0 name: GRID V100D-32Q computeCapability: 7.0
coreClock: 1.38GHz coreCount: 80 deviceMemorySize: 31.88GiB deviceMemoryBandwidth: 836.37GiB/s
2020-04-10 15:31:31.533656: I tensorflow/stream_executor/platform/default/dso_loader.cc:44] Successfully opened dynamic library libcudart.so.10.1
2020-04-10 15:31:31.533691: I tensorflow/stream_executor/platform/default/dso_loader.cc:44] Successfully opened dynamic library libcublas.so.10
2020-04-10 15:31:31.533712: I tensorflow/stream_executor/platform/default/dso_loader.cc:44] Successfully opened dynamic library libcufft.so.10
2020-04-10 15:31:31.533735: I tensorflow/stream_executor/platform/default/dso_loader.cc:44] Successfully opened dynamic library libcurand.so.10
2020-04-10 15:31:31.533756: I tensorflow/stream_executor/platform/default/dso_loader.cc:44] Successfully opened dynamic library libcusolver.so.10
2020-04-10 15:31:31.533780: I tensorflow/stream_executor/platform/default/dso_loader.cc:44] Successfully opened dynamic library libcusparse.so.10
2020-04-10 15:31:31.533810: I tensorflow/stream_executor/platform/default/dso_loader.cc:44] Successfully opened dynamic library libcudnn.so.7
2020-04-10 15:31:31.533945: I tensorflow/stream_executor/cuda/cuda_gpu_executor.cc:981] successful NUMA node read from SysFS had negative value (-1), but there must be at least one NUMA node, so returning NUMA node zero
2020-04-10 15:31:31.534395: I tensorflow/stream_executor/cuda/cuda_gpu_executor.cc:981] successful NUMA node read from SysFS had negative value (-1), but there must be at least one NUMA node, so returning NUMA node zero
2020-04-10 15:31:31.534752: I tensorflow/core/common_runtime/gpu/gpu_device.cc:1697] Adding visible gpu devices: 0
2020-04-10 15:31:31.534799: I tensorflow/stream_executor/platform/default/dso_loader.cc:44] Successfully opened dynamic library libcudart.so.10.1
2020-04-10 15:31:32.219842: I tensorflow/core/common_runtime/gpu/gpu_device.cc:1096] Device interconnect StreamExecutor with strength 1 edge matrix:
2020-04-10 15:31:32.220018: I tensorflow/core/common_runtime/gpu/gpu_device.cc:1102]      0 
2020-04-10 15:31:32.220045: I tensorflow/core/common_runtime/gpu/gpu_device.cc:1115] 0:   N 
2020-04-10 15:31:32.220556: I tensorflow/stream_executor/cuda/cuda_gpu_executor.cc:981] successful NUMA node read from SysFS had negative value (-1), but there must be at least one NUMA node, so returning NUMA node zero
2020-04-10 15:31:32.221403: I tensorflow/stream_executor/cuda/cuda_gpu_executor.cc:981] successful NUMA node read from SysFS had negative value (-1), but there must be at least one NUMA node, so returning NUMA node zero
2020-04-10 15:31:32.222052: I tensorflow/stream_executor/cuda/cuda_gpu_executor.cc:981] successful NUMA node read from SysFS had negative value (-1), but there must be at least one NUMA node, so returning NUMA node zero
2020-04-10 15:31:32.222579: I tensorflow/core/common_runtime/gpu/gpu_device.cc:1241] Created TensorFlow device (/job:localhost/replica:0/task:0/device:GPU:0 with 28652 MB memory) -> physical GPU (device: 0, name: GRID V100D-32Q, pci bus id: 0000:02:00.0, compute capability: 7.0)
2020-04-10 15:31:32.223155: I tensorflow/core/common_runtime/process_util.cc:147] Creating new thread pool with default inter op setting: 12. Tune using inter_op_parallelism_threads for best performance.
WARNING:tensorflow:Large dropout rate: 0.55 (>0.5). In TensorFlow 2.x, dropout() uses dropout rate instead of keep_prob. Please ensure that this is intended.
WARNING:tensorflow:Large dropout rate: 0.55 (>0.5). In TensorFlow 2.x, dropout() uses dropout rate instead of keep_prob. Please ensure that this is intended.
2020-04-10 15:31:33.523321: I tensorflow/stream_executor/platform/default/dso_loader.cc:44] Successfully opened dynamic library libcublas.so.10
2020-04-10 15:31:33.787702: I tensorflow/stream_executor/platform/default/dso_loader.cc:44] Successfully opened dynamic library libcudnn.so.7
2020-04-10 15:34:17.536127: I tensorflow/stream_executor/platform/default/dso_loader.cc:44] Successfully opened dynamic library libcuda.so.1
2020-04-10 15:34:17.547235: I tensorflow/stream_executor/cuda/cuda_gpu_executor.cc:981] successful NUMA node read from SysFS had negative value (-1), but there must be at least one NUMA node, so returning NUMA node zero
2020-04-10 15:34:17.547692: I tensorflow/core/common_runtime/gpu/gpu_device.cc:1555] Found device 0 with properties: 
pciBusID: 0000:02:00.0 name: GRID V100D-32Q computeCapability: 7.0
coreClock: 1.38GHz coreCount: 80 deviceMemorySize: 31.88GiB deviceMemoryBandwidth: 836.37GiB/s
2020-04-10 15:34:17.547734: I tensorflow/stream_executor/platform/default/dso_loader.cc:44] Successfully opened dynamic library libcudart.so.10.1
2020-04-10 15:34:17.553950: I tensorflow/stream_executor/platform/default/dso_loader.cc:44] Successfully opened dynamic library libcublas.so.10
2020-04-10 15:34:17.557722: I tensorflow/stream_executor/platform/default/dso_loader.cc:44] Successfully opened dynamic library libcufft.so.10
2020-04-10 15:34:17.559603: I tensorflow/stream_executor/platform/default/dso_loader.cc:44] Successfully opened dynamic library libcurand.so.10
2020-04-10 15:34:17.563349: I tensorflow/stream_executor/platform/default/dso_loader.cc:44] Successfully opened dynamic library libcusolver.so.10
2020-04-10 15:34:17.565571: I tensorflow/stream_executor/platform/default/dso_loader.cc:44] Successfully opened dynamic library libcusparse.so.10
2020-04-10 15:34:17.570820: I tensorflow/stream_executor/platform/default/dso_loader.cc:44] Successfully opened dynamic library libcudnn.so.7
2020-04-10 15:34:17.570996: I tensorflow/stream_executor/cuda/cuda_gpu_executor.cc:981] successful NUMA node read from SysFS had negative value (-1), but there must be at least one NUMA node, so returning NUMA node zero
2020-04-10 15:34:17.571487: I tensorflow/stream_executor/cuda/cuda_gpu_executor.cc:981] successful NUMA node read from SysFS had negative value (-1), but there must be at least one NUMA node, so returning NUMA node zero
2020-04-10 15:34:17.571857: I tensorflow/core/common_runtime/gpu/gpu_device.cc:1697] Adding visible gpu devices: 0
2020-04-10 15:34:17.574948: I tensorflow/stream_executor/cuda/cuda_gpu_executor.cc:981] successful NUMA node read from SysFS had negative value (-1), but there must be at least one NUMA node, so returning NUMA node zero
2020-04-10 15:34:17.575340: I tensorflow/core/common_runtime/gpu/gpu_device.cc:1555] Found device 0 with properties: 
pciBusID: 0000:02:00.0 name: GRID V100D-32Q computeCapability: 7.0
coreClock: 1.38GHz coreCount: 80 deviceMemorySize: 31.88GiB deviceMemoryBandwidth: 836.37GiB/s
2020-04-10 15:34:17.575383: I tensorflow/stream_executor/platform/default/dso_loader.cc:44] Successfully opened dynamic library libcudart.so.10.1
2020-04-10 15:34:17.575417: I tensorflow/stream_executor/platform/default/dso_loader.cc:44] Successfully opened dynamic library libcublas.so.10
2020-04-10 15:34:17.575438: I tensorflow/stream_executor/platform/default/dso_loader.cc:44] Successfully opened dynamic library libcufft.so.10
2020-04-10 15:34:17.575458: I tensorflow/stream_executor/platform/default/dso_loader.cc:44] Successfully opened dynamic library libcurand.so.10
2020-04-10 15:34:17.575478: I tensorflow/stream_executor/platform/default/dso_loader.cc:44] Successfully opened dynamic library libcusolver.so.10
2020-04-10 15:34:17.575498: I tensorflow/stream_executor/platform/default/dso_loader.cc:44] Successfully opened dynamic library libcusparse.so.10
2020-04-10 15:34:17.575518: I tensorflow/stream_executor/platform/default/dso_loader.cc:44] Successfully opened dynamic library libcudnn.so.7
2020-04-10 15:34:17.575595: I tensorflow/stream_executor/cuda/cuda_gpu_executor.cc:981] successful NUMA node read from SysFS had negative value (-1), but there must be at least one NUMA node, so returning NUMA node zero
2020-04-10 15:34:17.576045: I tensorflow/stream_executor/cuda/cuda_gpu_executor.cc:981] successful NUMA node read from SysFS had negative value (-1), but there must be at least one NUMA node, so returning NUMA node zero
2020-04-10 15:34:17.576416: I tensorflow/core/common_runtime/gpu/gpu_device.cc:1697] Adding visible gpu devices: 0
2020-04-10 15:34:17.576465: I tensorflow/stream_executor/platform/default/dso_loader.cc:44] Successfully opened dynamic library libcudart.so.10.1
2020-04-10 15:34:18.170874: I tensorflow/core/common_runtime/gpu/gpu_device.cc:1096] Device interconnect StreamExecutor with strength 1 edge matrix:
2020-04-10 15:34:18.170962: I tensorflow/core/common_runtime/gpu/gpu_device.cc:1102]      0 
2020-04-10 15:34:18.170978: I tensorflow/core/common_runtime/gpu/gpu_device.cc:1115] 0:   N 
2020-04-10 15:34:18.171238: I tensorflow/stream_executor/cuda/cuda_gpu_executor.cc:981] successful NUMA node read from SysFS had negative value (-1), but there must be at least one NUMA node, so returning NUMA node zero
2020-04-10 15:34:18.171792: I tensorflow/stream_executor/cuda/cuda_gpu_executor.cc:981] successful NUMA node read from SysFS had negative value (-1), but there must be at least one NUMA node, so returning NUMA node zero
2020-04-10 15:34:18.172294: I tensorflow/stream_executor/cuda/cuda_gpu_executor.cc:981] successful NUMA node read from SysFS had negative value (-1), but there must be at least one NUMA node, so returning NUMA node zero
2020-04-10 15:34:18.172733: I tensorflow/core/common_runtime/gpu/gpu_device.cc:1241] Created TensorFlow device (/job:localhost/replica:0/task:0/device:GPU:0 with 28652 MB memory) -> physical GPU (device: 0, name: GRID V100D-32Q, pci bus id: 0000:02:00.0, compute capability: 7.0)
2020-04-10 15:34:18.173192: I tensorflow/core/common_runtime/process_util.cc:147] Creating new thread pool with default inter op setting: 12. Tune using inter_op_parallelism_threads for best performance.
Process Process-2:
Traceback (most recent call last):
  File "/software/software/Python/3.7.4-GCCcore-8.3.0/lib/python3.7/multiprocessing/process.py", line 297, in _bootstrap
    self.run()
  File "/software/software/Python/3.7.4-GCCcore-8.3.0/lib/python3.7/multiprocessing/process.py", line 99, in run
    self._target(*self._args, **self._kwargs)
  File "./use_Combined.py", line 47, in with_profiling
    ret = fn(*args, **kwargs)
  File "./use_Combined.py", line 632, in MCBN
    method_main()
  File "./use_Combined.py", line 620, in method_main
    mcbn_predictions = mcbn_predict(pre_trained_model, x_train, y_train, x_test)
  File "./use_Combined.py", line 555, in mcbn_predict
    batch_size = MINIBATCH_SIZE)
  File "/software/software/TensorFlow/2.1.0-fosscuda-2019b-Python-3.7.4/lib/python3.7/site-packages/keras_preprocessing/image/image_data_generator.py", line 432, in flow
    subset=subset
  File "/software/software/TensorFlow/2.1.0-fosscuda-2019b-Python-3.7.4/lib/python3.7/site-packages/keras_preprocessing/image/numpy_array_iterator.py", line 80, in __init__
    (np.asarray(x).shape, np.asarray(y).shape))
ValueError: `x` (images tensor) and `y` (labels) should have the same length. Found: x.shape = (32, 32, 3), y.shape = (128, 10)
2020-04-10 15:34:20.530793: I tensorflow/stream_executor/platform/default/dso_loader.cc:44] Successfully opened dynamic library libcuda.so.1
2020-04-10 15:34:20.537955: I tensorflow/stream_executor/cuda/cuda_gpu_executor.cc:981] successful NUMA node read from SysFS had negative value (-1), but there must be at least one NUMA node, so returning NUMA node zero
2020-04-10 15:34:20.538405: I tensorflow/core/common_runtime/gpu/gpu_device.cc:1555] Found device 0 with properties: 
pciBusID: 0000:02:00.0 name: GRID V100D-32Q computeCapability: 7.0
coreClock: 1.38GHz coreCount: 80 deviceMemorySize: 31.88GiB deviceMemoryBandwidth: 836.37GiB/s
2020-04-10 15:34:20.538447: I tensorflow/stream_executor/platform/default/dso_loader.cc:44] Successfully opened dynamic library libcudart.so.10.1
2020-04-10 15:34:20.542642: I tensorflow/stream_executor/platform/default/dso_loader.cc:44] Successfully opened dynamic library libcublas.so.10
2020-04-10 15:34:20.545317: I tensorflow/stream_executor/platform/default/dso_loader.cc:44] Successfully opened dynamic library libcufft.so.10
2020-04-10 15:34:20.546204: I tensorflow/stream_executor/platform/default/dso_loader.cc:44] Successfully opened dynamic library libcurand.so.10
2020-04-10 15:34:20.548884: I tensorflow/stream_executor/platform/default/dso_loader.cc:44] Successfully opened dynamic library libcusolver.so.10
2020-04-10 15:34:20.550246: I tensorflow/stream_executor/platform/default/dso_loader.cc:44] Successfully opened dynamic library libcusparse.so.10
2020-04-10 15:34:20.554850: I tensorflow/stream_executor/platform/default/dso_loader.cc:44] Successfully opened dynamic library libcudnn.so.7
2020-04-10 15:34:20.555016: I tensorflow/stream_executor/cuda/cuda_gpu_executor.cc:981] successful NUMA node read from SysFS had negative value (-1), but there must be at least one NUMA node, so returning NUMA node zero
2020-04-10 15:34:20.555476: I tensorflow/stream_executor/cuda/cuda_gpu_executor.cc:981] successful NUMA node read from SysFS had negative value (-1), but there must be at least one NUMA node, so returning NUMA node zero
2020-04-10 15:34:20.555821: I tensorflow/core/common_runtime/gpu/gpu_device.cc:1697] Adding visible gpu devices: 0
2020-04-10 15:34:20.558371: I tensorflow/stream_executor/cuda/cuda_gpu_executor.cc:981] successful NUMA node read from SysFS had negative value (-1), but there must be at least one NUMA node, so returning NUMA node zero
2020-04-10 15:34:20.558758: I tensorflow/core/common_runtime/gpu/gpu_device.cc:1555] Found device 0 with properties: 
pciBusID: 0000:02:00.0 name: GRID V100D-32Q computeCapability: 7.0
coreClock: 1.38GHz coreCount: 80 deviceMemorySize: 31.88GiB deviceMemoryBandwidth: 836.37GiB/s
2020-04-10 15:34:20.558799: I tensorflow/stream_executor/platform/default/dso_loader.cc:44] Successfully opened dynamic library libcudart.so.10.1
2020-04-10 15:34:20.558831: I tensorflow/stream_executor/platform/default/dso_loader.cc:44] Successfully opened dynamic library libcublas.so.10
2020-04-10 15:34:20.558852: I tensorflow/stream_executor/platform/default/dso_loader.cc:44] Successfully opened dynamic library libcufft.so.10
2020-04-10 15:34:20.558871: I tensorflow/stream_executor/platform/default/dso_loader.cc:44] Successfully opened dynamic library libcurand.so.10
2020-04-10 15:34:20.558891: I tensorflow/stream_executor/platform/default/dso_loader.cc:44] Successfully opened dynamic library libcusolver.so.10
2020-04-10 15:34:20.558911: I tensorflow/stream_executor/platform/default/dso_loader.cc:44] Successfully opened dynamic library libcusparse.so.10
2020-04-10 15:34:20.558942: I tensorflow/stream_executor/platform/default/dso_loader.cc:44] Successfully opened dynamic library libcudnn.so.7
2020-04-10 15:34:20.559020: I tensorflow/stream_executor/cuda/cuda_gpu_executor.cc:981] successful NUMA node read from SysFS had negative value (-1), but there must be at least one NUMA node, so returning NUMA node zero
2020-04-10 15:34:20.559432: I tensorflow/stream_executor/cuda/cuda_gpu_executor.cc:981] successful NUMA node read from SysFS had negative value (-1), but there must be at least one NUMA node, so returning NUMA node zero
2020-04-10 15:34:20.559768: I tensorflow/core/common_runtime/gpu/gpu_device.cc:1697] Adding visible gpu devices: 0
2020-04-10 15:34:20.559813: I tensorflow/stream_executor/platform/default/dso_loader.cc:44] Successfully opened dynamic library libcudart.so.10.1
2020-04-10 15:34:21.135101: I tensorflow/core/common_runtime/gpu/gpu_device.cc:1096] Device interconnect StreamExecutor with strength 1 edge matrix:
2020-04-10 15:34:21.135181: I tensorflow/core/common_runtime/gpu/gpu_device.cc:1102]      0 
2020-04-10 15:34:21.135197: I tensorflow/core/common_runtime/gpu/gpu_device.cc:1115] 0:   N 
2020-04-10 15:34:21.135450: I tensorflow/stream_executor/cuda/cuda_gpu_executor.cc:981] successful NUMA node read from SysFS had negative value (-1), but there must be at least one NUMA node, so returning NUMA node zero
2020-04-10 15:34:21.135997: I tensorflow/stream_executor/cuda/cuda_gpu_executor.cc:981] successful NUMA node read from SysFS had negative value (-1), but there must be at least one NUMA node, so returning NUMA node zero
2020-04-10 15:34:21.136460: I tensorflow/stream_executor/cuda/cuda_gpu_executor.cc:981] successful NUMA node read from SysFS had negative value (-1), but there must be at least one NUMA node, so returning NUMA node zero
2020-04-10 15:34:21.136857: I tensorflow/core/common_runtime/gpu/gpu_device.cc:1241] Created TensorFlow device (/job:localhost/replica:0/task:0/device:GPU:0 with 28652 MB memory) -> physical GPU (device: 0, name: GRID V100D-32Q, pci bus id: 0000:02:00.0, compute capability: 7.0)
2020-04-10 15:34:21.137233: I tensorflow/core/common_runtime/process_util.cc:147] Creating new thread pool with default inter op setting: 12. Tune using inter_op_parallelism_threads for best performance.
2020-04-10 15:34:22.455737: I tensorflow/stream_executor/platform/default/dso_loader.cc:44] Successfully opened dynamic library libcublas.so.10
2020-04-10 15:34:22.686138: I tensorflow/stream_executor/platform/default/dso_loader.cc:44] Successfully opened dynamic library libcudnn.so.7
2020-04-10 15:35:37.291356: I tensorflow/stream_executor/platform/default/dso_loader.cc:44] Successfully opened dynamic library libcuda.so.1
2020-04-10 15:35:37.299658: I tensorflow/stream_executor/cuda/cuda_gpu_executor.cc:981] successful NUMA node read from SysFS had negative value (-1), but there must be at least one NUMA node, so returning NUMA node zero
2020-04-10 15:35:37.300114: I tensorflow/core/common_runtime/gpu/gpu_device.cc:1555] Found device 0 with properties: 
pciBusID: 0000:02:00.0 name: GRID V100D-32Q computeCapability: 7.0
coreClock: 1.38GHz coreCount: 80 deviceMemorySize: 31.88GiB deviceMemoryBandwidth: 836.37GiB/s
2020-04-10 15:35:37.300158: I tensorflow/stream_executor/platform/default/dso_loader.cc:44] Successfully opened dynamic library libcudart.so.10.1
2020-04-10 15:35:37.305957: I tensorflow/stream_executor/platform/default/dso_loader.cc:44] Successfully opened dynamic library libcublas.so.10
2020-04-10 15:35:37.309742: I tensorflow/stream_executor/platform/default/dso_loader.cc:44] Successfully opened dynamic library libcufft.so.10
2020-04-10 15:35:37.311568: I tensorflow/stream_executor/platform/default/dso_loader.cc:44] Successfully opened dynamic library libcurand.so.10
2020-04-10 15:35:37.315067: I tensorflow/stream_executor/platform/default/dso_loader.cc:44] Successfully opened dynamic library libcusolver.so.10
2020-04-10 15:35:37.317523: I tensorflow/stream_executor/platform/default/dso_loader.cc:44] Successfully opened dynamic library libcusparse.so.10
2020-04-10 15:35:37.322616: I tensorflow/stream_executor/platform/default/dso_loader.cc:44] Successfully opened dynamic library libcudnn.so.7
2020-04-10 15:35:37.322775: I tensorflow/stream_executor/cuda/cuda_gpu_executor.cc:981] successful NUMA node read from SysFS had negative value (-1), but there must be at least one NUMA node, so returning NUMA node zero
2020-04-10 15:35:37.323279: I tensorflow/stream_executor/cuda/cuda_gpu_executor.cc:981] successful NUMA node read from SysFS had negative value (-1), but there must be at least one NUMA node, so returning NUMA node zero
2020-04-10 15:35:37.323627: I tensorflow/core/common_runtime/gpu/gpu_device.cc:1697] Adding visible gpu devices: 0
2020-04-10 15:35:37.326839: I tensorflow/stream_executor/cuda/cuda_gpu_executor.cc:981] successful NUMA node read from SysFS had negative value (-1), but there must be at least one NUMA node, so returning NUMA node zero
2020-04-10 15:35:37.327224: I tensorflow/core/common_runtime/gpu/gpu_device.cc:1555] Found device 0 with properties: 
pciBusID: 0000:02:00.0 name: GRID V100D-32Q computeCapability: 7.0
coreClock: 1.38GHz coreCount: 80 deviceMemorySize: 31.88GiB deviceMemoryBandwidth: 836.37GiB/s
2020-04-10 15:35:37.327267: I tensorflow/stream_executor/platform/default/dso_loader.cc:44] Successfully opened dynamic library libcudart.so.10.1
2020-04-10 15:35:37.327301: I tensorflow/stream_executor/platform/default/dso_loader.cc:44] Successfully opened dynamic library libcublas.so.10
2020-04-10 15:35:37.327322: I tensorflow/stream_executor/platform/default/dso_loader.cc:44] Successfully opened dynamic library libcufft.so.10
2020-04-10 15:35:37.327342: I tensorflow/stream_executor/platform/default/dso_loader.cc:44] Successfully opened dynamic library libcurand.so.10
2020-04-10 15:35:37.327362: I tensorflow/stream_executor/platform/default/dso_loader.cc:44] Successfully opened dynamic library libcusolver.so.10
2020-04-10 15:35:37.327382: I tensorflow/stream_executor/platform/default/dso_loader.cc:44] Successfully opened dynamic library libcusparse.so.10
2020-04-10 15:35:37.327402: I tensorflow/stream_executor/platform/default/dso_loader.cc:44] Successfully opened dynamic library libcudnn.so.7
2020-04-10 15:35:37.327478: I tensorflow/stream_executor/cuda/cuda_gpu_executor.cc:981] successful NUMA node read from SysFS had negative value (-1), but there must be at least one NUMA node, so returning NUMA node zero
2020-04-10 15:35:37.327890: I tensorflow/stream_executor/cuda/cuda_gpu_executor.cc:981] successful NUMA node read from SysFS had negative value (-1), but there must be at least one NUMA node, so returning NUMA node zero
2020-04-10 15:35:37.328238: I tensorflow/core/common_runtime/gpu/gpu_device.cc:1697] Adding visible gpu devices: 0
2020-04-10 15:35:37.328297: I tensorflow/stream_executor/platform/default/dso_loader.cc:44] Successfully opened dynamic library libcudart.so.10.1
2020-04-10 15:35:37.906608: I tensorflow/core/common_runtime/gpu/gpu_device.cc:1096] Device interconnect StreamExecutor with strength 1 edge matrix:
2020-04-10 15:35:37.906687: I tensorflow/core/common_runtime/gpu/gpu_device.cc:1102]      0 
2020-04-10 15:35:37.906702: I tensorflow/core/common_runtime/gpu/gpu_device.cc:1115] 0:   N 
2020-04-10 15:35:37.906991: I tensorflow/stream_executor/cuda/cuda_gpu_executor.cc:981] successful NUMA node read from SysFS had negative value (-1), but there must be at least one NUMA node, so returning NUMA node zero
2020-04-10 15:35:37.907535: I tensorflow/stream_executor/cuda/cuda_gpu_executor.cc:981] successful NUMA node read from SysFS had negative value (-1), but there must be at least one NUMA node, so returning NUMA node zero
2020-04-10 15:35:37.908017: I tensorflow/stream_executor/cuda/cuda_gpu_executor.cc:981] successful NUMA node read from SysFS had negative value (-1), but there must be at least one NUMA node, so returning NUMA node zero
2020-04-10 15:35:37.908421: I tensorflow/core/common_runtime/gpu/gpu_device.cc:1241] Created TensorFlow device (/job:localhost/replica:0/task:0/device:GPU:0 with 28652 MB memory) -> physical GPU (device: 0, name: GRID V100D-32Q, pci bus id: 0000:02:00.0, compute capability: 7.0)
2020-04-10 15:35:37.908841: I tensorflow/core/common_runtime/process_util.cc:147] Creating new thread pool with default inter op setting: 12. Tune using inter_op_parallelism_threads for best performance.
2020-04-10 15:35:39.701962: I tensorflow/stream_executor/platform/default/dso_loader.cc:44] Successfully opened dynamic library libcublas.so.10
2020-04-10 15:35:39.932693: I tensorflow/stream_executor/platform/default/dso_loader.cc:44] Successfully opened dynamic library libcudnn.so.7


###############################################################################
Peregrine Cluster
Job 10749332 for user 's2934833'
Finished at: Fri Apr 10 15:35:45 CEST 2020

Job details:
============

Name                : CombTest
User                : s2934833
Partition           : gpu
Nodes               : pg-gpu08
Cores               : 12
State               : COMPLETED
Submit              : 2020-04-10T15:31:16
Start               : 2020-04-10T15:31:16
End                 : 2020-04-10T15:35:45
Reserved walltime   : 00:10:00
Used walltime       : 00:04:29
Used CPU time       : 00:05:38 (efficiency: 10.50%)
% User (Computation): 80.80%
% System (I/O)      : 19.20%
Mem reserved        : 62.50G/node
Max Mem used        : 2.91G (pg-gpu08)
Max Disk Write      : 153.60K (pg-gpu08)
Max Disk Read       : 5.83M (pg-gpu08)
Average GPU usage   : 53.2% (pg-gpu08)


Acknowledgements:
=================

Please see this page for information about acknowledging Peregrine in your publications:

https://wiki.hpc.rug.nl/peregrine/additional_information/scientific_output

################################################################################
