
The following have been reloaded with a version change:
  1) FFTW/3.3.7-gompic-2018a => FFTW/3.3.7-gompi-2018a
  2) OpenMPI/2.1.2-gcccuda-2018a => OpenMPI/2.1.2-GCC-6.4.0-2.28
  3) Python/3.6.4-fosscuda-2018a => Python/3.6.4-foss-2018a
  4) ScaLAPACK/2.0.2-gompic-2018a-OpenBLAS-0.2.20 => ScaLAPACK/2.0.2-gompi-2018a-OpenBLAS-0.2.20

2020-02-12 09:15:49.193844: I tensorflow/stream_executor/cuda/cuda_gpu_executor.cc:964] successful NUMA node read from SysFS had negative value (-1), but there must be at least one NUMA node, so returning NUMA node zero
2020-02-12 09:15:49.194430: I tensorflow/core/common_runtime/gpu/gpu_device.cc:1432] Found device 0 with properties: 
name: GRID V100D-32Q major: 7 minor: 0 memoryClockRate(GHz): 1.38
pciBusID: 0000:02:00.0
totalMemory: 31.87GiB freeMemory: 29.56GiB
2020-02-12 09:15:49.194483: I tensorflow/core/common_runtime/gpu/gpu_device.cc:1511] Adding visible gpu devices: 0
2020-02-12 09:15:49.753761: I tensorflow/core/common_runtime/gpu/gpu_device.cc:982] Device interconnect StreamExecutor with strength 1 edge matrix:
2020-02-12 09:15:49.753904: I tensorflow/core/common_runtime/gpu/gpu_device.cc:988]      0 
2020-02-12 09:15:49.753923: I tensorflow/core/common_runtime/gpu/gpu_device.cc:1001] 0:   N 
2020-02-12 09:15:49.754064: I tensorflow/core/common_runtime/gpu/gpu_device.cc:1115] Created TensorFlow device (/job:localhost/replica:0/task:0/device:GPU:0 with 28669 MB memory) -> physical GPU (device: 0, name: GRID V100D-32Q, pci bus id: 0000:02:00.0, compute capability: 7.0)
2020-02-12 09:15:49.755029: I tensorflow/core/common_runtime/process_util.cc:69] Creating new thread pool with default inter op setting: 2. Tune using inter_op_parallelism_threads for best performance.
/home/s2934833/MasterThesis/Test/test_images/*
x_pred shape: (5, 256, 256, 3)
5 x_pred samples
/home/s2934833/MasterThesis/Dropout/2020-02-11_13-48-17
_________________________________________________________________
Layer (type)                 Output Shape              Param #   
=================================================================
input_1 (InputLayer)         (None, 256, 256, 3)       0         
_________________________________________________________________
block1_conv1 (Conv2D)        (None, 256, 256, 64)      1792      
_________________________________________________________________
block1_conv2 (Conv2D)        (None, 256, 256, 64)      36928     
_________________________________________________________________
block1_pool (MaxPooling2D)   (None, 128, 128, 64)      0         
_________________________________________________________________
MCDropout_1 (MCDropout)      (None, 128, 128, 64)      0         
_________________________________________________________________
block2_conv1 (Conv2D)        (None, 128, 128, 128)     73856     
_________________________________________________________________
block2_conv2 (Conv2D)        (None, 128, 128, 128)     147584    
_________________________________________________________________
block2_pool (MaxPooling2D)   (None, 64, 64, 128)       0         
_________________________________________________________________
MCDropout_2 (MCDropout)      (None, 64, 64, 128)       0         
_________________________________________________________________
block3_conv1 (Conv2D)        (None, 64, 64, 256)       295168    
_________________________________________________________________
block3_conv2 (Conv2D)        (None, 64, 64, 256)       590080    
_________________________________________________________________
block3_conv3 (Conv2D)        (None, 64, 64, 256)       590080    
_________________________________________________________________
block3_pool (MaxPooling2D)   (None, 32, 32, 256)       0         
_________________________________________________________________
MCDropout_3 (MCDropout)      (None, 32, 32, 256)       0         
_________________________________________________________________
block4_conv1 (Conv2D)        (None, 32, 32, 512)       1180160   
_________________________________________________________________
block4_conv2 (Conv2D)        (None, 32, 32, 512)       2359808   
_________________________________________________________________
block4_conv3 (Conv2D)        (None, 32, 32, 512)       2359808   
_________________________________________________________________
block4_pool (MaxPooling2D)   (None, 16, 16, 512)       0         
_________________________________________________________________
MCDropout_4 (MCDropout)      (None, 16, 16, 512)       0         
_________________________________________________________________
block5_conv1 (Conv2D)        (None, 16, 16, 512)       2359808   
_________________________________________________________________
block5_conv2 (Conv2D)        (None, 16, 16, 512)       2359808   
_________________________________________________________________
block5_conv3 (Conv2D)        (None, 16, 16, 512)       2359808   
_________________________________________________________________
block5_pool (MaxPooling2D)   (None, 8, 8, 512)         0         
_________________________________________________________________
MCDropout_5 (MCDropout)      (None, 8, 8, 512)         0         
_________________________________________________________________
flatten (Flatten)            (None, 32768)             0         
_________________________________________________________________
fc1 (Dense)                  (None, 4096)              134221824 
_________________________________________________________________
MCDropout_6 (MCDropout)      (None, 4096)              0         
_________________________________________________________________
fc2 (Dense)                  (None, 4096)              16781312  
_________________________________________________________________
MCDropout_7 (MCDropout)      (None, 4096)              0         
_________________________________________________________________
predictions (Dense)          (None, 5)                 20485     
=================================================================
Total params: 165,738,309
Trainable params: 165,738,309
Non-trainable params: 0
_________________________________________________________________
  0/250 [..............................] - ETA: 0s145/250 [================>.............] - ETA: 3s/software/software/h5py/2.7.1-fosscuda-2018a-Python-3.6.4/lib/python3.6/site-packages/h5py-2.7.1-py3.6-linux-x86_64.egg/h5py/__init__.py:36: FutureWarning: Conversion of the second argument of issubdtype from `float` to `np.floating` is deprecated. In future, it will be treated as `np.float64 == np.dtype(float).type`.
  from ._conv import register_converters as _register_converters
posterior mean: 3
class: 0; proba: 0.0%; var: 0.21% 
class: 1; proba: 0.7%; var: 4.38% 
class: 2; proba: 24.6%; var: 34.42% 
class: 3; proba: 74.7%; var: 34.76% 
class: 4; proba: 0.0%; var: 0.00% 
posterior mean: 3
class: 0; proba: 22.0%; var: 34.30% 
class: 1; proba: 1.1%; var: 5.96% 
class: 2; proba: 13.5%; var: 27.51% 
class: 3; proba: 63.3%; var: 40.29% 
class: 4; proba: 0.0%; var: 0.02% 
posterior mean: 0
class: 0; proba: 44.4%; var: 40.20% 
class: 1; proba: 1.3%; var: 5.74% 
class: 2; proba: 25.6%; var: 34.00% 
class: 3; proba: 28.7%; var: 36.33% 
class: 4; proba: 0.0%; var: 0.29% 
posterior mean: 3
class: 0; proba: 2.4%; var: 12.55% 
class: 1; proba: 8.4%; var: 22.90% 
class: 2; proba: 1.1%; var: 5.86% 
class: 3; proba: 88.1%; var: 26.65% 
class: 4; proba: 0.0%; var: 0.00% 
posterior mean: 0
class: 0; proba: 55.5%; var: 39.84% 
class: 1; proba: 2.3%; var: 8.30% 
class: 2; proba: 6.0%; var: 17.35% 
class: 3; proba: 34.4%; var: 39.15% 
class: 4; proba: 1.7%; var: 8.08% 


###############################################################################
Peregrine Cluster
Job 9526173 for user 's2934833'
Finished at: Wed Feb 12 09:16:13 CET 2020

Job details:
============

Name                : use_MCDO
User                : s2934833
Partition           : gpu
Nodes               : pg-gpu28
Cores               : 12
State               : COMPLETED
Submit              : 2020-02-12T08:55:30
Start               : 2020-02-12T09:15:34
End                 : 2020-02-12T09:16:13
Reserved walltime   : 00:05:00
Used walltime       : 00:00:39
Used CPU time       : 00:00:28 (efficiency:  6.19%)
% User (Computation): 65.61%
% System (I/O)      : 34.39%
Mem reserved        : 32000M/node
Max Mem used        : 3.77G (pg-gpu28)
Max Disk Write      : 184.32K (pg-gpu28)
Max Disk Read       : 5.47M (pg-gpu28)


Acknowledgements:
=================

Please see this page for information about acknowledging Peregrine in your publications:

https://wiki.hpc.rug.nl/peregrine/additional_information/scientific_output

################################################################################
