
The following have been reloaded with a version change:
  1) FFTW/3.3.8-gompic-2019b => FFTW/3.3.8-gompi-2019b
  2) OpenMPI/3.1.4-gcccuda-2019b => OpenMPI/3.1.4-GCC-8.3.0
  3) ScaLAPACK/2.0.2-gompic-2019b => ScaLAPACK/2.0.2-gompi-2019b
  4) SciPy-bundle/2019.10-fosscuda-2019b-Python-3.7.4 => SciPy-bundle/2019.10-foss-2019b-Python-3.7.4


The following have been reloaded with a version change:
  1) SciPy-bundle/2019.10-foss-2019b-Python-3.7.4 => SciPy-bundle/2019.10-fosscuda-2019b-Python-3.7.4

2020-05-31 20:33:32.390439: I tensorflow/stream_executor/platform/default/dso_loader.cc:44] Successfully opened dynamic library libcudart.so.10.1

START VarianceOutput
2020-05-31 20:33:40.979972: I tensorflow/stream_executor/platform/default/dso_loader.cc:44] Successfully opened dynamic library libcuda.so.1
2020-05-31 20:33:40.988423: I tensorflow/stream_executor/cuda/cuda_gpu_executor.cc:981] successful NUMA node read from SysFS had negative value (-1), but there must be at least one NUMA node, so returning NUMA node zero
2020-05-31 20:33:40.989009: I tensorflow/core/common_runtime/gpu/gpu_device.cc:1555] Found device 0 with properties: 
pciBusID: 0000:02:00.0 name: GRID V100D-32Q computeCapability: 7.0
coreClock: 1.38GHz coreCount: 80 deviceMemorySize: 31.88GiB deviceMemoryBandwidth: 836.37GiB/s
2020-05-31 20:33:40.989092: I tensorflow/stream_executor/platform/default/dso_loader.cc:44] Successfully opened dynamic library libcudart.so.10.1
2020-05-31 20:33:40.995784: I tensorflow/stream_executor/platform/default/dso_loader.cc:44] Successfully opened dynamic library libcublas.so.10
2020-05-31 20:33:40.999455: I tensorflow/stream_executor/platform/default/dso_loader.cc:44] Successfully opened dynamic library libcufft.so.10
2020-05-31 20:33:41.000851: I tensorflow/stream_executor/platform/default/dso_loader.cc:44] Successfully opened dynamic library libcurand.so.10
2020-05-31 20:33:41.004553: I tensorflow/stream_executor/platform/default/dso_loader.cc:44] Successfully opened dynamic library libcusolver.so.10
2020-05-31 20:33:41.006533: I tensorflow/stream_executor/platform/default/dso_loader.cc:44] Successfully opened dynamic library libcusparse.so.10
2020-05-31 20:33:41.012072: I tensorflow/stream_executor/platform/default/dso_loader.cc:44] Successfully opened dynamic library libcudnn.so.7
2020-05-31 20:33:41.012271: I tensorflow/stream_executor/cuda/cuda_gpu_executor.cc:981] successful NUMA node read from SysFS had negative value (-1), but there must be at least one NUMA node, so returning NUMA node zero
2020-05-31 20:33:41.012973: I tensorflow/stream_executor/cuda/cuda_gpu_executor.cc:981] successful NUMA node read from SysFS had negative value (-1), but there must be at least one NUMA node, so returning NUMA node zero
2020-05-31 20:33:41.013401: I tensorflow/core/common_runtime/gpu/gpu_device.cc:1697] Adding visible gpu devices: 0
2020-05-31 20:33:41.018852: I tensorflow/stream_executor/cuda/cuda_gpu_executor.cc:981] successful NUMA node read from SysFS had negative value (-1), but there must be at least one NUMA node, so returning NUMA node zero
2020-05-31 20:33:41.019336: I tensorflow/core/common_runtime/gpu/gpu_device.cc:1555] Found device 0 with properties: 
pciBusID: 0000:02:00.0 name: GRID V100D-32Q computeCapability: 7.0
coreClock: 1.38GHz coreCount: 80 deviceMemorySize: 31.88GiB deviceMemoryBandwidth: 836.37GiB/s
2020-05-31 20:33:41.019380: I tensorflow/stream_executor/platform/default/dso_loader.cc:44] Successfully opened dynamic library libcudart.so.10.1
2020-05-31 20:33:41.019415: I tensorflow/stream_executor/platform/default/dso_loader.cc:44] Successfully opened dynamic library libcublas.so.10
2020-05-31 20:33:41.019437: I tensorflow/stream_executor/platform/default/dso_loader.cc:44] Successfully opened dynamic library libcufft.so.10
2020-05-31 20:33:41.019457: I tensorflow/stream_executor/platform/default/dso_loader.cc:44] Successfully opened dynamic library libcurand.so.10
2020-05-31 20:33:41.019477: I tensorflow/stream_executor/platform/default/dso_loader.cc:44] Successfully opened dynamic library libcusolver.so.10
2020-05-31 20:33:41.019525: I tensorflow/stream_executor/platform/default/dso_loader.cc:44] Successfully opened dynamic library libcusparse.so.10
2020-05-31 20:33:41.019559: I tensorflow/stream_executor/platform/default/dso_loader.cc:44] Successfully opened dynamic library libcudnn.so.7
2020-05-31 20:33:41.019660: I tensorflow/stream_executor/cuda/cuda_gpu_executor.cc:981] successful NUMA node read from SysFS had negative value (-1), but there must be at least one NUMA node, so returning NUMA node zero
2020-05-31 20:33:41.020119: I tensorflow/stream_executor/cuda/cuda_gpu_executor.cc:981] successful NUMA node read from SysFS had negative value (-1), but there must be at least one NUMA node, so returning NUMA node zero
2020-05-31 20:33:41.020674: I tensorflow/core/common_runtime/gpu/gpu_device.cc:1697] Adding visible gpu devices: 0
2020-05-31 20:33:41.020724: I tensorflow/stream_executor/platform/default/dso_loader.cc:44] Successfully opened dynamic library libcudart.so.10.1
2020-05-31 20:33:41.703937: I tensorflow/core/common_runtime/gpu/gpu_device.cc:1096] Device interconnect StreamExecutor with strength 1 edge matrix:
2020-05-31 20:33:41.704060: I tensorflow/core/common_runtime/gpu/gpu_device.cc:1102]      0 
2020-05-31 20:33:41.704075: I tensorflow/core/common_runtime/gpu/gpu_device.cc:1115] 0:   N 
2020-05-31 20:33:41.704459: I tensorflow/stream_executor/cuda/cuda_gpu_executor.cc:981] successful NUMA node read from SysFS had negative value (-1), but there must be at least one NUMA node, so returning NUMA node zero
2020-05-31 20:33:41.705247: I tensorflow/stream_executor/cuda/cuda_gpu_executor.cc:981] successful NUMA node read from SysFS had negative value (-1), but there must be at least one NUMA node, so returning NUMA node zero
2020-05-31 20:33:41.705820: I tensorflow/stream_executor/cuda/cuda_gpu_executor.cc:981] successful NUMA node read from SysFS had negative value (-1), but there must be at least one NUMA node, so returning NUMA node zero
2020-05-31 20:33:41.706431: I tensorflow/core/common_runtime/gpu/gpu_device.cc:1241] Created TensorFlow device (/job:localhost/replica:0/task:0/device:GPU:0 with 28652 MB memory) -> physical GPU (device: 0, name: GRID V100D-32Q, pci bus id: 0000:02:00.0, compute capability: 7.0)
2020-05-31 20:33:41.707239: I tensorflow/core/common_runtime/process_util.cc:147] Creating new thread pool with default inter op setting: 12. Tune using inter_op_parallelism_threads for best performance.
No handles with labels found to put in legend.
Accuracy on original test dataset: 83.7%
tf.Tensor(
[[758   6  13  24   7   1   2   7  33  10]
 [  9 807   1   9   0   2   3   1  10  43]
 [ 35   2 669  63  39  29  26  12   2   1]
 [  8   3  20 667  33 113  23  18   4   6]
 [ 10   1  20  74 711  19  17  22   7   1]
 [  1   1   9 153  17 663  10  21   1   2]
 [  3   1  13  55  14  16 766   2   3   0]
 [  9   3   8  40  33  50   3 721   0   4]
 [ 36   9   5   7   3   1   1   2 796   9]
 [ 13  46   1  11   0   3   4   2  13 765]], shape=(10, 10), dtype=int32)
Correct: 7323, wrong: 1427, accuracy: 83.69142857142857%

Mean probability on true label of original test dataset when correctly predicted = 98.55%
Mean uncertainty on true label of original test dataset when correctly predicted = 10.04%
Mean probability on true label of original test dataset when wrongly predicted = 6.29%
Mean uncertainty on true label of original test dataset when wrongly predicted = 9.57%

Mean probability on highest predicted on original test dataset when wrong = 89.14%
Mean uncertainty on highest predicted on original test dataset when wrong = 9.78%

Mean probability on all not true label on original test dataset = 1.83%
Mean uncertainty on all not true label on original test dataset = 9.92%
creating scatterplot
creating MSE scatterplot

#################################
Function main called 1 times. 
Execution time max: 4.284, average: 4.284
#################################


###############################################################################
Peregrine Cluster
Job 11846814 for user 's2934833'
Finished at: Sun May 31 20:33:46 CEST 2020

Job details:
============

Name                : CombArrays
User                : s2934833
Partition           : gpu
Nodes               : pg-gpu14
Cores               : 12
State               : COMPLETED
Submit              : 2020-05-31T20:33:17
Start               : 2020-05-31T20:33:25
End                 : 2020-05-31T20:33:44
Reserved walltime   : 04:00:00
Used walltime       : 00:00:19
Used CPU time       : 00:00:09 (efficiency:  4.34%)
% User (Computation): 73.62%
% System (I/O)      : 26.38%
Mem reserved        : 8000M/node
Max Mem used        : 0.00  (pg-gpu14)
Max Disk Write      : 0.00  (pg-gpu14)
Max Disk Read       : 0.00  (pg-gpu14)
Average GPU usage   : 0.0% (pg-gpu14)


Acknowledgements:
=================

Please see this page for information about acknowledging Peregrine in your publications:

https://wiki.hpc.rug.nl/peregrine/additional_information/scientific_output

################################################################################
