
The following have been reloaded with a version change:
  1) FFTW/3.3.8-gompic-2019b => FFTW/3.3.8-gompi-2019b
  2) OpenMPI/3.1.4-gcccuda-2019b => OpenMPI/3.1.4-GCC-8.3.0
  3) ScaLAPACK/2.0.2-gompic-2019b => ScaLAPACK/2.0.2-gompi-2019b
  4) SciPy-bundle/2019.10-fosscuda-2019b-Python-3.7.4 => SciPy-bundle/2019.10-foss-2019b-Python-3.7.4

2020-03-11 10:02:26.979816: I tensorflow/stream_executor/platform/default/dso_loader.cc:44] Successfully opened dynamic library libcudart.so.10.1
--------------------------------------------------------------------------
A process has executed an operation involving a call to the
"fork()" system call to create a child process.  Open MPI is currently
operating in a condition that could result in memory corruption or
other system errors; your job may hang, crash, or produce silent
data corruption.  The use of fork() (or system() or other calls that
create child processes) is strongly discouraged.

The process that invoked fork was:

  Local host:          [[63839,1],0] (PID 19360)

If you are *absolutely sure* that your application will successfully
and correctly survive a call to fork(), you may disable this warning
by setting the mpi_warn_on_fork MCA parameter to 0.
--------------------------------------------------------------------------
2020-03-11 10:02:31.224790: I tensorflow/stream_executor/platform/default/dso_loader.cc:44] Successfully opened dynamic library libcuda.so.1
2020-03-11 10:02:31.256886: I tensorflow/core/common_runtime/gpu/gpu_device.cc:1555] Found device 0 with properties: 
pciBusID: 0000:82:00.0 name: Tesla K40m computeCapability: 3.5
coreClock: 0.745GHz coreCount: 15 deviceMemorySize: 11.17GiB deviceMemoryBandwidth: 268.58GiB/s
2020-03-11 10:02:31.256957: I tensorflow/stream_executor/platform/default/dso_loader.cc:44] Successfully opened dynamic library libcudart.so.10.1
2020-03-11 10:02:31.260391: I tensorflow/stream_executor/platform/default/dso_loader.cc:44] Successfully opened dynamic library libcublas.so.10
2020-03-11 10:02:31.263307: I tensorflow/stream_executor/platform/default/dso_loader.cc:44] Successfully opened dynamic library libcufft.so.10
2020-03-11 10:02:31.264093: I tensorflow/stream_executor/platform/default/dso_loader.cc:44] Successfully opened dynamic library libcurand.so.10
2020-03-11 10:02:31.266956: I tensorflow/stream_executor/platform/default/dso_loader.cc:44] Successfully opened dynamic library libcusolver.so.10
2020-03-11 10:02:31.268540: I tensorflow/stream_executor/platform/default/dso_loader.cc:44] Successfully opened dynamic library libcusparse.so.10
2020-03-11 10:02:31.273612: I tensorflow/stream_executor/platform/default/dso_loader.cc:44] Successfully opened dynamic library libcudnn.so.7
2020-03-11 10:02:31.276241: I tensorflow/core/common_runtime/gpu/gpu_device.cc:1697] Adding visible gpu devices: 0
2020-03-11 10:02:31.281087: I tensorflow/core/common_runtime/gpu/gpu_device.cc:1555] Found device 0 with properties: 
pciBusID: 0000:82:00.0 name: Tesla K40m computeCapability: 3.5
coreClock: 0.745GHz coreCount: 15 deviceMemorySize: 11.17GiB deviceMemoryBandwidth: 268.58GiB/s
2020-03-11 10:02:31.281139: I tensorflow/stream_executor/platform/default/dso_loader.cc:44] Successfully opened dynamic library libcudart.so.10.1
2020-03-11 10:02:31.281183: I tensorflow/stream_executor/platform/default/dso_loader.cc:44] Successfully opened dynamic library libcublas.so.10
2020-03-11 10:02:31.281227: I tensorflow/stream_executor/platform/default/dso_loader.cc:44] Successfully opened dynamic library libcufft.so.10
2020-03-11 10:02:31.281269: I tensorflow/stream_executor/platform/default/dso_loader.cc:44] Successfully opened dynamic library libcurand.so.10
2020-03-11 10:02:31.281322: I tensorflow/stream_executor/platform/default/dso_loader.cc:44] Successfully opened dynamic library libcusolver.so.10
2020-03-11 10:02:31.281365: I tensorflow/stream_executor/platform/default/dso_loader.cc:44] Successfully opened dynamic library libcusparse.so.10
2020-03-11 10:02:31.281408: I tensorflow/stream_executor/platform/default/dso_loader.cc:44] Successfully opened dynamic library libcudnn.so.7
2020-03-11 10:02:31.283998: I tensorflow/core/common_runtime/gpu/gpu_device.cc:1697] Adding visible gpu devices: 0
2020-03-11 10:02:31.284053: I tensorflow/stream_executor/platform/default/dso_loader.cc:44] Successfully opened dynamic library libcudart.so.10.1
2020-03-11 10:02:31.692125: I tensorflow/core/common_runtime/gpu/gpu_device.cc:1096] Device interconnect StreamExecutor with strength 1 edge matrix:
2020-03-11 10:02:31.692219: I tensorflow/core/common_runtime/gpu/gpu_device.cc:1102]      0 
2020-03-11 10:02:31.692238: I tensorflow/core/common_runtime/gpu/gpu_device.cc:1115] 0:   N 
2020-03-11 10:02:31.695369: I tensorflow/core/common_runtime/gpu/gpu_device.cc:1241] Created TensorFlow device (/job:localhost/replica:0/task:0/device:GPU:0 with 10741 MB memory) -> physical GPU (device: 0, name: Tesla K40m, pci bus id: 0000:82:00.0, compute capability: 3.5)
2020-03-11 10:02:31.695707: I tensorflow/core/common_runtime/process_util.cc:147] Creating new thread pool with default inter op setting: 2. Tune using inter_op_parallelism_threads for best performance.
2020-03-11 10:02:32.841840: I tensorflow/stream_executor/platform/default/dso_loader.cc:44] Successfully opened dynamic library libcublas.so.10
2020-03-11 10:02:32.977778: I tensorflow/stream_executor/platform/default/dso_loader.cc:44] Successfully opened dynamic library libcudnn.so.7
/data/s2934833/MasterThesis/Test/test_images/*
x_pred shape: (5, 256, 256, 3)
5 x_pred samples
Predicted class: 4, Uncertainty of prediction: 1.20%
class: 0; proba: 0.0%; var: 3.38% 
class: 1; proba: 0.0%; var: 1.37% 
class: 2; proba: 43.1%; var: 8.15% 
class: 3; proba: 1.6%; var: 4.10% 
class: 4; proba: 55.3%; var: 1.20% 
Predicted class: 3, Uncertainty of prediction: 7.47%
class: 0; proba: 0.0%; var: 0.81% 
class: 1; proba: 0.0%; var: 17.11% 
class: 2; proba: 0.0%; var: 2.59% 
class: 3; proba: 100.0%; var: 7.47% 
class: 4; proba: 0.0%; var: 3.62% 
Predicted class: 3, Uncertainty of prediction: 12.26%
class: 0; proba: 33.2%; var: 3.55% 
class: 1; proba: 0.0%; var: 6.77% 
class: 2; proba: 4.0%; var: 8.70% 
class: 3; proba: 62.8%; var: 12.26% 
class: 4; proba: 0.0%; var: 6.95% 
Predicted class: 3, Uncertainty of prediction: 16.75%
class: 0; proba: 29.7%; var: 3.43% 
class: 1; proba: 11.8%; var: 11.07% 
class: 2; proba: 0.3%; var: 1.73% 
class: 3; proba: 58.2%; var: 16.75% 
class: 4; proba: 0.0%; var: 15.68% 
Predicted class: 3, Uncertainty of prediction: 4.37%
class: 0; proba: 0.0%; var: 11.81% 
class: 1; proba: 4.2%; var: 2.24% 
class: 2; proba: 25.4%; var: 0.90% 
class: 3; proba: 66.3%; var: 4.37% 
class: 4; proba: 4.0%; var: 2.89% 


###############################################################################
Peregrine Cluster
Job 10039331 for user 's2934833'
Finished at: Wed Mar 11 10:02:37 CET 2020

Job details:
============

Name                : use_varianceOutput
User                : s2934833
Partition           : gpu
Nodes               : pg-gpu01
Cores               : 12
State               : COMPLETED
Submit              : 2020-03-11T09:48:52
Start               : 2020-03-11T10:02:24
End                 : 2020-03-11T10:02:37
Reserved walltime   : 00:05:00
Used walltime       : 00:00:13
Used CPU time       : 00:00:10 (efficiency:  6.96%)
% User (Computation): 63.32%
% System (I/O)      : 36.67%
Mem reserved        : 32000M/node
Max Mem used        : 0.00  (pg-gpu01)
Max Disk Write      : 0.00  (pg-gpu01)
Max Disk Read       : 0.00  (pg-gpu01)


Acknowledgements:
=================

Please see this page for information about acknowledging Peregrine in your publications:

https://wiki.hpc.rug.nl/peregrine/additional_information/scientific_output

################################################################################
