
The following have been reloaded with a version change:
  1) FFTW/3.3.8-gompic-2019b => FFTW/3.3.8-gompi-2019b
  2) OpenMPI/3.1.4-gcccuda-2019b => OpenMPI/3.1.4-GCC-8.3.0
  3) ScaLAPACK/2.0.2-gompic-2019b => ScaLAPACK/2.0.2-gompi-2019b
  4) SciPy-bundle/2019.10-fosscuda-2019b-Python-3.7.4 => SciPy-bundle/2019.10-foss-2019b-Python-3.7.4

2020-03-21 15:07:36.848124: I tensorflow/stream_executor/platform/default/dso_loader.cc:44] Successfully opened dynamic library libcudart.so.10.1
2020-03-21 15:07:49.867499: I tensorflow/stream_executor/platform/default/dso_loader.cc:44] Successfully opened dynamic library libcuda.so.1
2020-03-21 15:07:49.882082: I tensorflow/stream_executor/cuda/cuda_gpu_executor.cc:981] successful NUMA node read from SysFS had negative value (-1), but there must be at least one NUMA node, so returning NUMA node zero
2020-03-21 15:07:49.882503: I tensorflow/core/common_runtime/gpu/gpu_device.cc:1555] Found device 0 with properties: 
pciBusID: 0000:02:00.0 name: GRID V100D-32Q computeCapability: 7.0
coreClock: 1.38GHz coreCount: 80 deviceMemorySize: 31.88GiB deviceMemoryBandwidth: 836.37GiB/s
2020-03-21 15:07:49.882550: I tensorflow/stream_executor/platform/default/dso_loader.cc:44] Successfully opened dynamic library libcudart.so.10.1
2020-03-21 15:07:49.959274: I tensorflow/stream_executor/platform/default/dso_loader.cc:44] Successfully opened dynamic library libcublas.so.10
2020-03-21 15:07:50.003821: I tensorflow/stream_executor/platform/default/dso_loader.cc:44] Successfully opened dynamic library libcufft.so.10
2020-03-21 15:07:50.019265: I tensorflow/stream_executor/platform/default/dso_loader.cc:44] Successfully opened dynamic library libcurand.so.10
2020-03-21 15:07:50.091468: I tensorflow/stream_executor/platform/default/dso_loader.cc:44] Successfully opened dynamic library libcusolver.so.10
2020-03-21 15:07:50.106802: I tensorflow/stream_executor/platform/default/dso_loader.cc:44] Successfully opened dynamic library libcusparse.so.10
2020-03-21 15:07:50.216349: I tensorflow/stream_executor/platform/default/dso_loader.cc:44] Successfully opened dynamic library libcudnn.so.7
2020-03-21 15:07:50.216538: I tensorflow/stream_executor/cuda/cuda_gpu_executor.cc:981] successful NUMA node read from SysFS had negative value (-1), but there must be at least one NUMA node, so returning NUMA node zero
2020-03-21 15:07:50.217194: I tensorflow/stream_executor/cuda/cuda_gpu_executor.cc:981] successful NUMA node read from SysFS had negative value (-1), but there must be at least one NUMA node, so returning NUMA node zero
2020-03-21 15:07:50.217553: I tensorflow/core/common_runtime/gpu/gpu_device.cc:1697] Adding visible gpu devices: 0
2020-03-21 15:07:50.234931: I tensorflow/stream_executor/cuda/cuda_gpu_executor.cc:981] successful NUMA node read from SysFS had negative value (-1), but there must be at least one NUMA node, so returning NUMA node zero
2020-03-21 15:07:50.235343: I tensorflow/core/common_runtime/gpu/gpu_device.cc:1555] Found device 0 with properties: 
pciBusID: 0000:02:00.0 name: GRID V100D-32Q computeCapability: 7.0
coreClock: 1.38GHz coreCount: 80 deviceMemorySize: 31.88GiB deviceMemoryBandwidth: 836.37GiB/s
2020-03-21 15:07:50.235386: I tensorflow/stream_executor/platform/default/dso_loader.cc:44] Successfully opened dynamic library libcudart.so.10.1
2020-03-21 15:07:50.235421: I tensorflow/stream_executor/platform/default/dso_loader.cc:44] Successfully opened dynamic library libcublas.so.10
2020-03-21 15:07:50.235441: I tensorflow/stream_executor/platform/default/dso_loader.cc:44] Successfully opened dynamic library libcufft.so.10
2020-03-21 15:07:50.235460: I tensorflow/stream_executor/platform/default/dso_loader.cc:44] Successfully opened dynamic library libcurand.so.10
2020-03-21 15:07:50.235479: I tensorflow/stream_executor/platform/default/dso_loader.cc:44] Successfully opened dynamic library libcusolver.so.10
2020-03-21 15:07:50.235498: I tensorflow/stream_executor/platform/default/dso_loader.cc:44] Successfully opened dynamic library libcusparse.so.10
2020-03-21 15:07:50.235518: I tensorflow/stream_executor/platform/default/dso_loader.cc:44] Successfully opened dynamic library libcudnn.so.7
2020-03-21 15:07:50.235615: I tensorflow/stream_executor/cuda/cuda_gpu_executor.cc:981] successful NUMA node read from SysFS had negative value (-1), but there must be at least one NUMA node, so returning NUMA node zero
2020-03-21 15:07:50.236068: I tensorflow/stream_executor/cuda/cuda_gpu_executor.cc:981] successful NUMA node read from SysFS had negative value (-1), but there must be at least one NUMA node, so returning NUMA node zero
2020-03-21 15:07:50.236412: I tensorflow/core/common_runtime/gpu/gpu_device.cc:1697] Adding visible gpu devices: 0
2020-03-21 15:07:50.237124: I tensorflow/stream_executor/platform/default/dso_loader.cc:44] Successfully opened dynamic library libcudart.so.10.1
2020-03-21 15:07:51.516914: I tensorflow/core/common_runtime/gpu/gpu_device.cc:1096] Device interconnect StreamExecutor with strength 1 edge matrix:
2020-03-21 15:07:51.516994: I tensorflow/core/common_runtime/gpu/gpu_device.cc:1102]      0 
2020-03-21 15:07:51.517010: I tensorflow/core/common_runtime/gpu/gpu_device.cc:1115] 0:   N 
2020-03-21 15:07:51.517955: I tensorflow/stream_executor/cuda/cuda_gpu_executor.cc:981] successful NUMA node read from SysFS had negative value (-1), but there must be at least one NUMA node, so returning NUMA node zero
2020-03-21 15:07:51.518611: I tensorflow/stream_executor/cuda/cuda_gpu_executor.cc:981] successful NUMA node read from SysFS had negative value (-1), but there must be at least one NUMA node, so returning NUMA node zero
2020-03-21 15:07:51.519142: I tensorflow/stream_executor/cuda/cuda_gpu_executor.cc:981] successful NUMA node read from SysFS had negative value (-1), but there must be at least one NUMA node, so returning NUMA node zero
2020-03-21 15:07:51.519538: I tensorflow/core/common_runtime/gpu/gpu_device.cc:1241] Created TensorFlow device (/job:localhost/replica:0/task:0/device:GPU:0 with 28652 MB memory) -> physical GPU (device: 0, name: GRID V100D-32Q, pci bus id: 0000:02:00.0, compute capability: 7.0)
2020-03-21 15:07:51.522553: I tensorflow/core/common_runtime/process_util.cc:147] Creating new thread pool with default inter op setting: 2. Tune using inter_op_parallelism_threads for best performance.
Dataset_name: CIFAR10, N_folders: 1, total mebers: 40
/data/s2934833/MasterThesis/Test/test_images/*
x_pred shape: (5, 32, 32, 3)
5 x_pred samples
/data/s2934833/MasterThesis/Test
/data/s2934833/MasterThesis/Ensemble/CIFAR10/2020-03-19_16-19-18
 0/40 [..............................] - ETA: 0s2020-03-21 15:07:52.883268: I tensorflow/stream_executor/platform/default/dso_loader.cc:44] Successfully opened dynamic library libcublas.so.10
2020-03-21 15:07:53.426540: I tensorflow/stream_executor/platform/default/dso_loader.cc:44] Successfully opened dynamic library libcudnn.so.7
/data/s2934833/MasterThesis/Test
/data/s2934833/MasterThesis/Ensemble/CIFAR10/2020-03-19_16-19-18
/data/s2934833/MasterThesis/Test
/data/s2934833/MasterThesis/Ensemble/CIFAR10/2020-03-19_16-19-18
 2/40 [>.............................] - ETA: 2:33/data/s2934833/MasterThesis/Test
/data/s2934833/MasterThesis/Ensemble/CIFAR10/2020-03-19_16-19-18
/data/s2934833/MasterThesis/Test
/data/s2934833/MasterThesis/Ensemble/CIFAR10/2020-03-19_16-19-18
/data/s2934833/MasterThesis/Test
/data/s2934833/MasterThesis/Ensemble/CIFAR10/2020-03-19_16-19-18
/data/s2934833/MasterThesis/Test
/data/s2934833/MasterThesis/Ensemble/CIFAR10/2020-03-19_16-19-18
/data/s2934833/MasterThesis/Test
/data/s2934833/MasterThesis/Ensemble/CIFAR10/2020-03-19_16-19-18
 7/40 [====>.........................] - ETA: 1:02/data/s2934833/MasterThesis/Test
/data/s2934833/MasterThesis/Ensemble/CIFAR10/2020-03-19_16-19-18
/data/s2934833/MasterThesis/Test
/data/s2934833/MasterThesis/Ensemble/CIFAR10/2020-03-19_16-19-18
/data/s2934833/MasterThesis/Test
/data/s2934833/MasterThesis/Ensemble/CIFAR10/2020-03-19_16-19-18
/data/s2934833/MasterThesis/Test
/data/s2934833/MasterThesis/Ensemble/CIFAR10/2020-03-19_16-19-18
/data/s2934833/MasterThesis/Test
/data/s2934833/MasterThesis/Ensemble/CIFAR10/2020-03-19_16-19-18
12/40 [========>.....................] - ETA: 43s /data/s2934833/MasterThesis/Test
/data/s2934833/MasterThesis/Ensemble/CIFAR10/2020-03-19_16-19-18
/data/s2934833/MasterThesis/Test
/data/s2934833/MasterThesis/Ensemble/CIFAR10/2020-03-19_16-19-18
/data/s2934833/MasterThesis/Test
/data/s2934833/MasterThesis/Ensemble/CIFAR10/2020-03-19_16-19-18
/data/s2934833/MasterThesis/Test
/data/s2934833/MasterThesis/Ensemble/CIFAR10/2020-03-19_16-19-18
16/40 [===========>..................] - ETA: 35s/data/s2934833/MasterThesis/Test
/data/s2934833/MasterThesis/Ensemble/CIFAR10/2020-03-19_16-19-18
/data/s2934833/MasterThesis/Test
/data/s2934833/MasterThesis/Ensemble/CIFAR10/2020-03-19_16-19-18
/data/s2934833/MasterThesis/Test
/data/s2934833/MasterThesis/Ensemble/CIFAR10/2020-03-19_16-19-18
/data/s2934833/MasterThesis/Test
/data/s2934833/MasterThesis/Ensemble/CIFAR10/2020-03-19_16-19-18
/data/s2934833/MasterThesis/Test
/data/s2934833/MasterThesis/Ensemble/CIFAR10/2020-03-19_16-19-18
21/40 [==============>...............] - ETA: 27s/data/s2934833/MasterThesis/Test
/data/s2934833/MasterThesis/Ensemble/CIFAR10/2020-03-19_16-19-18
/data/s2934833/MasterThesis/Test
/data/s2934833/MasterThesis/Ensemble/CIFAR10/2020-03-19_16-19-18
/data/s2934833/MasterThesis/Test
/data/s2934833/MasterThesis/Ensemble/CIFAR10/2020-03-19_16-19-18
/data/s2934833/MasterThesis/Test
/data/s2934833/MasterThesis/Ensemble/CIFAR10/2020-03-19_16-19-18
/data/s2934833/MasterThesis/Test
/data/s2934833/MasterThesis/Ensemble/CIFAR10/2020-03-19_16-19-18
26/40 [==================>...........] - ETA: 19s/data/s2934833/MasterThesis/Test
/data/s2934833/MasterThesis/Ensemble/CIFAR10/2020-03-19_16-19-18
/data/s2934833/MasterThesis/Test
/data/s2934833/MasterThesis/Ensemble/CIFAR10/2020-03-19_16-19-18
/data/s2934833/MasterThesis/Test
/data/s2934833/MasterThesis/Ensemble/CIFAR10/2020-03-19_16-19-18
/data/s2934833/MasterThesis/Test
/data/s2934833/MasterThesis/Ensemble/CIFAR10/2020-03-19_16-19-18
/data/s2934833/MasterThesis/Test
/data/s2934833/MasterThesis/Ensemble/CIFAR10/2020-03-19_16-19-18
31/40 [======================>.......] - ETA: 12s/data/s2934833/MasterThesis/Test
/data/s2934833/MasterThesis/Ensemble/CIFAR10/2020-03-19_16-19-18
/data/s2934833/MasterThesis/Test
/data/s2934833/MasterThesis/Ensemble/CIFAR10/2020-03-19_16-19-18
/data/s2934833/MasterThesis/Test
/data/s2934833/MasterThesis/Ensemble/CIFAR10/2020-03-19_16-19-18
/data/s2934833/MasterThesis/Test
/data/s2934833/MasterThesis/Ensemble/CIFAR10/2020-03-19_16-19-18
35/40 [=========================>....] - ETA: 6s /data/s2934833/MasterThesis/Test
/data/s2934833/MasterThesis/Ensemble/CIFAR10/2020-03-19_16-19-18
/data/s2934833/MasterThesis/Test
/data/s2934833/MasterThesis/Ensemble/CIFAR10/2020-03-19_16-19-18
/data/s2934833/MasterThesis/Test
/data/s2934833/MasterThesis/Ensemble/CIFAR10/2020-03-19_16-19-18
/data/s2934833/MasterThesis/Test
/data/s2934833/MasterThesis/Ensemble/CIFAR10/2020-03-19_16-19-18
39/40 [============================>.] - ETA: 1sposterior mean: 1
class: 0; proba: 0.0%; var: 0.02% 
class: 1; proba: 77.3%; var: 18.01% 
class: 2; proba: 0.0%; var: 0.04% 
class: 3; proba: 6.0%; var: 9.71% 
class: 4; proba: 0.0%; var: 0.05% 
class: 5; proba: 1.4%; var: 6.74% 
class: 6; proba: 15.2%; var: 6.51% 
class: 7; proba: 0.0%; var: 0.04% 
class: 8; proba: 0.0%; var: 0.14% 
class: 9; proba: 0.0%; var: 0.08% 
posterior mean: 3
class: 0; proba: 1.3%; var: 7.81% 
class: 1; proba: 0.0%; var: 0.00% 
class: 2; proba: 0.2%; var: 1.30% 
class: 3; proba: 98.2%; var: 11.05% 
class: 4; proba: 0.0%; var: 0.00% 
class: 5; proba: 0.0%; var: 0.01% 
class: 6; proba: 0.0%; var: 0.00% 
class: 7; proba: 0.0%; var: 0.00% 
class: 8; proba: 0.3%; var: 1.78% 
class: 9; proba: 0.0%; var: 0.15% 
posterior mean: 1
class: 0; proba: 0.0%; var: 0.00% 
class: 1; proba: 100.0%; var: 0.00% 
class: 2; proba: 0.0%; var: 0.00% 
class: 3; proba: 0.0%; var: 0.00% 
class: 4; proba: 0.0%; var: 0.00% 
class: 5; proba: 0.0%; var: 0.00% 
class: 6; proba: 0.0%; var: 0.00% 
class: 7; proba: 0.0%; var: 0.00% 
class: 8; proba: 0.0%; var: 0.00% 
class: 9; proba: 0.0%; var: 0.00% 
posterior mean: 5
class: 0; proba: 0.0%; var: 0.00% 
class: 1; proba: 0.0%; var: 0.01% 
class: 2; proba: 0.0%; var: 0.00% 
class: 3; proba: 36.8%; var: 17.33% 
class: 4; proba: 0.0%; var: 0.00% 
class: 5; proba: 63.0%; var: 17.33% 
class: 6; proba: 0.1%; var: 0.06% 
class: 7; proba: 0.0%; var: 0.00% 
class: 8; proba: 0.0%; var: 0.00% 
class: 9; proba: 0.0%; var: 0.00% 
posterior mean: 5
class: 0; proba: 0.0%; var: 0.00% 
class: 1; proba: 0.0%; var: 0.00% 
class: 2; proba: 0.0%; var: 0.00% 
class: 3; proba: 0.0%; var: 0.01% 
class: 4; proba: 0.0%; var: 0.00% 
class: 5; proba: 100.0%; var: 0.01% 
class: 6; proba: 0.0%; var: 0.00% 
class: 7; proba: 0.0%; var: 0.00% 
class: 8; proba: 0.0%; var: 0.00% 
class: 9; proba: 0.0%; var: 0.00% 


###############################################################################
Peregrine Cluster
Job 10251730 for user 's2934833'
Finished at: Sat Mar 21 15:08:44 CET 2020

Job details:
============

Name                : use_ensemble
User                : s2934833
Partition           : gpu
Nodes               : pg-gpu11
Cores               : 12
State               : COMPLETED
Submit              : 2020-03-21T15:07:30
Start               : 2020-03-21T15:07:30
End                 : 2020-03-21T15:08:44
Reserved walltime   : 00:10:00
Used walltime       : 00:01:14
Used CPU time       : 00:00:33 (efficiency:  3.75%)
% User (Computation): 77.61%
% System (I/O)      : 22.39%
Mem reserved        : 32000M/node
Max Mem used        : 2.42G (pg-gpu11)
Max Disk Write      : 153.60K (pg-gpu11)
Max Disk Read       : 5.35M (pg-gpu11)
Average GPU usage   : 1.0% (pg-gpu11)


Acknowledgements:
=================

Please see this page for information about acknowledging Peregrine in your publications:

https://wiki.hpc.rug.nl/peregrine/additional_information/scientific_output

################################################################################
