
The following have been reloaded with a version change:
  1) FFTW/3.3.7-gompic-2018a => FFTW/3.3.7-gompi-2018a
  2) OpenMPI/2.1.2-gcccuda-2018a => OpenMPI/2.1.2-GCC-6.4.0-2.28
  3) Python/3.6.4-fosscuda-2018a => Python/3.6.4-foss-2018a
  4) ScaLAPACK/2.0.2-gompic-2018a-OpenBLAS-0.2.20 => ScaLAPACK/2.0.2-gompi-2018a-OpenBLAS-0.2.20

2020-02-22 09:54:12.780591: I tensorflow/stream_executor/cuda/cuda_gpu_executor.cc:964] successful NUMA node read from SysFS had negative value (-1), but there must be at least one NUMA node, so returning NUMA node zero
2020-02-22 09:54:12.781128: I tensorflow/core/common_runtime/gpu/gpu_device.cc:1432] Found device 0 with properties: 
name: GRID V100D-32Q major: 7 minor: 0 memoryClockRate(GHz): 1.38
pciBusID: 0000:02:00.0
totalMemory: 31.88GiB freeMemory: 29.56GiB
2020-02-22 09:54:12.781175: I tensorflow/core/common_runtime/gpu/gpu_device.cc:1511] Adding visible gpu devices: 0
2020-02-22 09:54:13.207629: I tensorflow/core/common_runtime/gpu/gpu_device.cc:982] Device interconnect StreamExecutor with strength 1 edge matrix:
2020-02-22 09:54:13.207724: I tensorflow/core/common_runtime/gpu/gpu_device.cc:988]      0 
2020-02-22 09:54:13.207744: I tensorflow/core/common_runtime/gpu/gpu_device.cc:1001] 0:   N 
2020-02-22 09:54:13.207904: I tensorflow/core/common_runtime/gpu/gpu_device.cc:1115] Created TensorFlow device (/job:localhost/replica:0/task:0/device:GPU:0 with 28671 MB memory) -> physical GPU (device: 0, name: GRID V100D-32Q, pci bus id: 0000:02:00.0, compute capability: 7.0)
2020-02-22 09:54:13.209160: I tensorflow/core/common_runtime/process_util.cc:69] Creating new thread pool with default inter op setting: 2. Tune using inter_op_parallelism_threads for best performance.
/data/s2934833/MasterThesis/Test/test_images/*
x_pred shape: (5, 256, 256, 3)
5 x_pred samples
/data/s2934833/MasterThesis/Test
 0/43 [..............................] - ETA: 0s/data/s2934833/MasterThesis/Test
 1/43 [..............................] - ETA: 7:24/data/s2934833/MasterThesis/Test
/data/s2934833/MasterThesis/Test
 3/43 [=>............................] - ETA: 4:13/data/s2934833/MasterThesis/Test
/data/s2934833/MasterThesis/Test
 5/43 [==>...........................] - ETA: 3:19/data/s2934833/MasterThesis/Test
/data/s2934833/MasterThesis/Test
 7/43 [===>..........................] - ETA: 2:51/data/s2934833/MasterThesis/Test
/data/s2934833/MasterThesis/Test
 9/43 [=====>........................] - ETA: 2:38/data/s2934833/MasterThesis/Test
/data/s2934833/MasterThesis/Test
11/43 [======>.......................] - ETA: 2:25/data/s2934833/MasterThesis/Test
/data/s2934833/MasterThesis/Test
13/43 [========>.....................] - ETA: 2:15/data/s2934833/MasterThesis/Test
/data/s2934833/MasterThesis/Test
15/43 [=========>....................] - ETA: 2:05/data/s2934833/MasterThesis/Test
/data/s2934833/MasterThesis/Test
17/43 [==========>...................] - ETA: 1:54/data/s2934833/MasterThesis/Test
/data/s2934833/MasterThesis/Test
19/43 [============>.................] - ETA: 1:45/data/s2934833/MasterThesis/Test
/data/s2934833/MasterThesis/Test
21/43 [=============>................] - ETA: 1:35/data/s2934833/MasterThesis/Test
/data/s2934833/MasterThesis/Test
23/43 [===============>..............] - ETA: 1:27/data/s2934833/MasterThesis/Test
/data/s2934833/MasterThesis/Test
25/43 [================>.............] - ETA: 1:18/data/s2934833/MasterThesis/Test
/data/s2934833/MasterThesis/Test
27/43 [=================>............] - ETA: 1:09/data/s2934833/MasterThesis/Test
/data/s2934833/MasterThesis/Test
29/43 [===================>..........] - ETA: 1:01/data/s2934833/MasterThesis/Test
/data/s2934833/MasterThesis/Test
31/43 [====================>.........] - ETA: 53s /data/s2934833/MasterThesis/Test
/data/s2934833/MasterThesis/Test
33/43 [======================>.......] - ETA: 44s/data/s2934833/MasterThesis/Test
/data/s2934833/MasterThesis/Test
35/43 [=======================>......] - ETA: 35s/data/s2934833/MasterThesis/Test
36/43 [========================>.....] - ETA: 31s/data/s2934833/MasterThesis/Test
/data/s2934833/MasterThesis/Test
38/43 [=========================>....] - ETA: 22s/data/s2934833/MasterThesis/Test
/data/s2934833/MasterThesis/Test
40/43 [==========================>...] - ETA: 13s/data/s2934833/MasterThesis/Test
/data/s2934833/MasterThesis/Test
42/43 [============================>.] - ETA: 4s /software/software/h5py/2.7.1-fosscuda-2018a-Python-3.6.4/lib/python3.6/site-packages/h5py-2.7.1-py3.6-linux-x86_64.egg/h5py/__init__.py:36: FutureWarning: Conversion of the second argument of issubdtype from `float` to `np.floating` is deprecated. In future, it will be treated as `np.float64 == np.dtype(float).type`.
  from ._conv import register_converters as _register_converters
posterior mean: 3
class: 0; proba: 7.1%; var: 25.32% 
class: 1; proba: 2.5%; var: 15.06% 
class: 2; proba: 29.1%; var: 42.70% 
class: 3; proba: 33.4%; var: 45.51% 
class: 4; proba: 27.9%; var: 43.52% 
posterior mean: 3
class: 0; proba: 5.2%; var: 19.95% 
class: 1; proba: 2.1%; var: 9.89% 
class: 2; proba: 23.9%; var: 40.61% 
class: 3; proba: 66.5%; var: 46.26% 
class: 4; proba: 2.3%; var: 15.07% 
posterior mean: 3
class: 0; proba: 8.1%; var: 25.83% 
class: 1; proba: 6.1%; var: 20.93% 
class: 2; proba: 3.2%; var: 13.30% 
class: 3; proba: 82.6%; var: 35.00% 
class: 4; proba: 0.0%; var: 0.00% 
posterior mean: 3
class: 0; proba: 2.7%; var: 15.09% 
class: 1; proba: 21.2%; var: 37.76% 
class: 2; proba: 24.9%; var: 40.00% 
class: 3; proba: 51.1%; var: 48.15% 
class: 4; proba: 0.1%; var: 0.46% 
posterior mean: 4
class: 0; proba: 19.9%; var: 38.35% 
class: 1; proba: 0.0%; var: 0.12% 
class: 2; proba: 31.5%; var: 43.38% 
class: 3; proba: 5.7%; var: 21.71% 
class: 4; proba: 42.9%; var: 47.76% 


###############################################################################
Peregrine Cluster
Job 9694836 for user 's2934833'
Finished at: Sat Feb 22 09:57:32 CET 2020

Job details:
============

Name                : use_ensemble
User                : s2934833
Partition           : gpu
Nodes               : pg-gpu25
Cores               : 12
State               : COMPLETED
Submit              : 2020-02-22T09:50:01
Start               : 2020-02-22T09:53:57
End                 : 2020-02-22T09:57:30
Reserved walltime   : 00:05:00
Used walltime       : 00:03:33
Used CPU time       : 00:01:58 (efficiency:  4.63%)
% User (Computation): 78.71%
% System (I/O)      : 21.29%
Mem reserved        : 32000M/node
Max Mem used        : 3.84G (pg-gpu25)
Max Disk Write      : 184.32K (pg-gpu25)
Max Disk Read       : 5.47M (pg-gpu25)


Acknowledgements:
=================

Please see this page for information about acknowledging Peregrine in your publications:

https://wiki.hpc.rug.nl/peregrine/additional_information/scientific_output

################################################################################
